
Discarded input sections

 .group         0x0000000000000000        0x8 build/main.o
 .note.GNU-stack
                0x0000000000000000        0x0 build/main.o
 .group         0x0000000000000000        0x8 build/init.o
 .text.__x86.get_pc_thunk.bx
                0x0000000000000000        0x4 build/init.o
 .note.GNU-stack
                0x0000000000000000        0x0 build/init.o
 .group         0x0000000000000000        0x8 build/interrupt.o
 .group         0x0000000000000000        0x8 build/interrupt.o
 .text.__x86.get_pc_thunk.bx
                0x0000000000000000        0x4 build/interrupt.o
 .note.GNU-stack
                0x0000000000000000        0x0 build/interrupt.o
 .group         0x0000000000000000        0x8 build/timer.o
 .group         0x0000000000000000        0x8 build/timer.o
 .group         0x0000000000000000        0x8 build/timer.o
 .text.__x86.get_pc_thunk.ax
                0x0000000000000000        0x4 build/timer.o
 .text.__x86.get_pc_thunk.bx
                0x0000000000000000        0x4 build/timer.o
 .note.GNU-stack
                0x0000000000000000        0x0 build/timer.o
 .group         0x0000000000000000        0x8 build/debug.o
 .text.__x86.get_pc_thunk.bx
                0x0000000000000000        0x4 build/debug.o
 .note.GNU-stack
                0x0000000000000000        0x0 build/debug.o
 .group         0x0000000000000000        0x8 build/memory.o
 .group         0x0000000000000000        0x8 build/memory.o
 .text.__x86.get_pc_thunk.ax
                0x0000000000000000        0x4 build/memory.o
 .text.__x86.get_pc_thunk.bx
                0x0000000000000000        0x4 build/memory.o
 .note.GNU-stack
                0x0000000000000000        0x0 build/memory.o
 .group         0x0000000000000000        0x8 build/bitmap.o
 .text.__x86.get_pc_thunk.ax
                0x0000000000000000        0x4 build/bitmap.o
 .note.GNU-stack
                0x0000000000000000        0x0 build/bitmap.o
 .group         0x0000000000000000        0x8 build/string.o
 .text.__x86.get_pc_thunk.ax
                0x0000000000000000        0x4 build/string.o
 .note.GNU-stack
                0x0000000000000000        0x0 build/string.o
 .group         0x0000000000000000        0x8 build/thread.o
 .group         0x0000000000000000        0x8 build/thread.o
 .group         0x0000000000000000        0x8 build/thread.o
 .text.__x86.get_pc_thunk.ax
                0x0000000000000000        0x4 build/thread.o
 .text.__x86.get_pc_thunk.bx
                0x0000000000000000        0x4 build/thread.o
 .note.GNU-stack
                0x0000000000000000        0x0 build/thread.o
 .group         0x0000000000000000        0x8 build/list.o
 .group         0x0000000000000000        0x8 build/list.o
 .text.__x86.get_pc_thunk.ax
                0x0000000000000000        0x4 build/list.o
 .text.__x86.get_pc_thunk.bx
                0x0000000000000000        0x4 build/list.o
 .note.GNU-stack
                0x0000000000000000        0x0 build/list.o
 .group         0x0000000000000000        0x8 build/console.o
 .group         0x0000000000000000        0x8 build/console.o
 .text.__x86.get_pc_thunk.ax
                0x0000000000000000        0x4 build/console.o
 .text.__x86.get_pc_thunk.bx
                0x0000000000000000        0x4 build/console.o
 .note.GNU-stack
                0x0000000000000000        0x0 build/console.o
 .group         0x0000000000000000        0x8 build/sync.o
 .group         0x0000000000000000        0x8 build/sync.o
 .text.__x86.get_pc_thunk.ax
                0x0000000000000000        0x4 build/sync.o
 .text.__x86.get_pc_thunk.bx
                0x0000000000000000        0x4 build/sync.o
 .note.GNU-stack
                0x0000000000000000        0x0 build/sync.o
 .group         0x0000000000000000        0x8 build/keyboard.o
 .group         0x0000000000000000        0x8 build/keyboard.o
 .text.__x86.get_pc_thunk.ax
                0x0000000000000000        0x4 build/keyboard.o
 .text.__x86.get_pc_thunk.bx
                0x0000000000000000        0x4 build/keyboard.o
 .note.GNU-stack
                0x0000000000000000        0x0 build/keyboard.o
 .group         0x0000000000000000        0x8 build/ioqueue.o
 .group         0x0000000000000000        0x8 build/ioqueue.o
 .text.__x86.get_pc_thunk.ax
                0x0000000000000000        0x4 build/ioqueue.o
 .text.__x86.get_pc_thunk.bx
                0x0000000000000000        0x4 build/ioqueue.o
 .note.GNU-stack
                0x0000000000000000        0x0 build/ioqueue.o
 .group         0x0000000000000000        0x8 build/tss.o
 .group         0x0000000000000000        0x8 build/tss.o
 .text.__x86.get_pc_thunk.ax
                0x0000000000000000        0x4 build/tss.o
 .text.__x86.get_pc_thunk.bx
                0x0000000000000000        0x4 build/tss.o
 .note.GNU-stack
                0x0000000000000000        0x0 build/tss.o
 .group         0x0000000000000000        0x8 build/process.o
 .group         0x0000000000000000        0x8 build/process.o
 .text.__x86.get_pc_thunk.ax
                0x0000000000000000        0x4 build/process.o
 .text.__x86.get_pc_thunk.bx
                0x0000000000000000        0x4 build/process.o
 .note.GNU-stack
                0x0000000000000000        0x0 build/process.o
 .group         0x0000000000000000        0x8 build/syscall.o
 .text.__x86.get_pc_thunk.ax
                0x0000000000000000        0x4 build/syscall.o
 .note.GNU-stack
                0x0000000000000000        0x0 build/syscall.o
 .group         0x0000000000000000        0x8 build/syscall-init.o
 .group         0x0000000000000000        0x8 build/syscall-init.o
 .text.__x86.get_pc_thunk.ax
                0x0000000000000000        0x4 build/syscall-init.o
 .text.__x86.get_pc_thunk.bx
                0x0000000000000000        0x4 build/syscall-init.o
 .note.GNU-stack
                0x0000000000000000        0x0 build/syscall-init.o
 .group         0x0000000000000000        0x8 build/stdio.o
 .group         0x0000000000000000        0x8 build/stdio.o
 .text.__x86.get_pc_thunk.ax
                0x0000000000000000        0x4 build/stdio.o
 .text.__x86.get_pc_thunk.bx
                0x0000000000000000        0x4 build/stdio.o
 .note.GNU-stack
                0x0000000000000000        0x0 build/stdio.o
 .group         0x0000000000000000        0x8 build/ide.o
 .group         0x0000000000000000        0x8 build/ide.o
 .text.__x86.get_pc_thunk.ax
                0x0000000000000000        0x4 build/ide.o
 .text.__x86.get_pc_thunk.bx
                0x0000000000000000        0x4 build/ide.o
 .note.GNU-stack
                0x0000000000000000        0x0 build/ide.o
 .group         0x0000000000000000        0x8 build/stdio-kernel.o
 .text.__x86.get_pc_thunk.bx
                0x0000000000000000        0x4 build/stdio-kernel.o
 .note.GNU-stack
                0x0000000000000000        0x0 build/stdio-kernel.o

Memory Configuration

Name             Origin             Length             Attributes
*default*        0x0000000000000000 0xffffffffffffffff

Linker script and memory map

Address of section .text set to 0xc0001500
LOAD build/main.o
LOAD build/init.o
LOAD build/interrupt.o
LOAD build/timer.o
LOAD build/kernel.o
LOAD build/print.o
LOAD build/debug.o
LOAD build/memory.o
LOAD build/bitmap.o
LOAD build/string.o
LOAD build/thread.o
LOAD build/list.o
LOAD build/switch.o
LOAD build/console.o
LOAD build/sync.o
LOAD build/keyboard.o
LOAD build/ioqueue.o
LOAD build/tss.o
LOAD build/process.o
LOAD build/syscall.o
LOAD build/syscall-init.o
LOAD build/stdio.o
LOAD build/ide.o
LOAD build/stdio-kernel.o
                [!provide]                        PROVIDE (__executable_start = SEGMENT_START ("text-segment", 0x8048000))
                0x00000000080480d4                . = (SEGMENT_START ("text-segment", 0x8048000) + SIZEOF_HEADERS)

.interp
 *(.interp)

.note.gnu.build-id
 *(.note.gnu.build-id)

.hash
 *(.hash)

.gnu.hash
 *(.gnu.hash)

.dynsym
 *(.dynsym)

.dynstr
 *(.dynstr)

.gnu.version
 *(.gnu.version)

.gnu.version_d
 *(.gnu.version_d)

.gnu.version_r
 *(.gnu.version_r)

.rel.dyn        0x00000000080480d4        0x0
 *(.rel.init)
 *(.rel.text .rel.text.* .rel.gnu.linkonce.t.*)
 *(.rel.fini)
 *(.rel.rodata .rel.rodata.* .rel.gnu.linkonce.r.*)
 *(.rel.data.rel.ro .rel.data.rel.ro.* .rel.gnu.linkonce.d.rel.ro.*)
 *(.rel.data .rel.data.* .rel.gnu.linkonce.d.*)
 *(.rel.tdata .rel.tdata.* .rel.gnu.linkonce.td.*)
 *(.rel.tbss .rel.tbss.* .rel.gnu.linkonce.tb.*)
 *(.rel.ctors)
 *(.rel.dtors)
 *(.rel.got)
 .rel.got       0x00000000080480d4        0x0 build/main.o
 *(.rel.bss .rel.bss.* .rel.gnu.linkonce.b.*)
 *(.rel.ifunc)

.rel.plt        0x00000000080480d4        0x0
 *(.rel.plt)
                [!provide]                        PROVIDE (__rel_iplt_start = .)
 *(.rel.iplt)
 .rel.iplt      0x00000000080480d4        0x0 build/main.o
                [!provide]                        PROVIDE (__rel_iplt_end = .)

.relr.dyn
 *(.relr.dyn)
                0x0000000008049000                . = ALIGN (CONSTANT (MAXPAGESIZE))

.init
 *(SORT_NONE(.init))

.plt            0x0000000008049000        0x0
 *(.plt)
 *(.iplt)
 .iplt          0x0000000008049000        0x0 build/main.o

.plt.got
 *(.plt.got)

.plt.sec
 *(.plt.sec)

.text           0x00000000c0001500     0x5da2
 *(.text.unlikely .text.*_unlikely .text.unlikely.*)
 *(.text.exit .text.exit.*)
 *(.text.startup .text.startup.*)
 *(.text.hot .text.hot.*)
 *(SORT_BY_NAME(.text.sorted.*))
 *(.text .stub .text.* .gnu.linkonce.t.*)
 .text          0x00000000c0001500      0x3ec build/main.o
                0x00000000c0001500                main
                0x00000000c00015a8                k_thread_a
                0x00000000c000169a                k_thread_b
                0x00000000c000178c                u_prog_a
                0x00000000c0001833                u_prog_b
 .text.__x86.get_pc_thunk.bx
                0x00000000c00018ec        0x4 build/main.o
                0x00000000c00018ec                __x86.get_pc_thunk.bx
 .text          0x00000000c00018f0       0x5c build/init.o
                0x00000000c00018f0                init_all
 .text          0x00000000c000194c      0x53d build/interrupt.o
                0x00000000c0001d30                idt_init
                0x00000000c0001dad                intr_enable
                0x00000000c0001de0                intr_disable
                0x00000000c0001e13                intr_set_status
                0x00000000c0001e3b                intr_get_status
                0x00000000c0001e62                register_handler
 .text.__x86.get_pc_thunk.ax
                0x00000000c0001e89        0x4 build/interrupt.o
                0x00000000c0001e89                __x86.get_pc_thunk.ax
 .text          0x00000000c0001e8d      0x252 build/timer.o
                0x00000000c0001fde                timer_init
                0x00000000c000207d                mtime_sleep
 .text.__x86.get_pc_thunk.cx
                0x00000000c00020df        0x4 build/timer.o
                0x00000000c00020df                __x86.get_pc_thunk.cx
 *fill*         0x00000000c00020e3        0xd 
 .text          0x00000000c00020f0      0x55b build/kernel.o
                0x00000000c00020f0                intr_exit
                0x00000000c0002627                syscall_handler
 *fill*         0x00000000c000264b        0x5 
 .text          0x00000000c0002650      0x170 build/print.o
                0x00000000c0002650                put_char
                0x00000000c000271d                put_int
                0x00000000c000277e                put_str
                0x00000000c000279c                set_cursor
 .text          0x00000000c00027c0       0xf4 build/debug.o
                0x00000000c00027c0                panic_spin
 .text          0x00000000c00028b4     0x13e6 build/memory.o
                0x00000000c0002d0c                pte_ptr
                0x00000000c0002d46                pde_ptr
                0x00000000c0002f22                malloc_page
                0x00000000c0003010                kalloc
                0x00000000c000307e                get_user_pages
                0x00000000c00030e6                get_a_page
                0x00000000c0003269                addr_v2p
                0x00000000c000329f                block_desc_init
                0x00000000c000337e                sys_malloc
                0x00000000c00036d0                pfree
                0x00000000c0003832                mfree_page
                0x00000000c0003a22                sys_free
                0x00000000c0003c34                mem_init
 .text          0x00000000c0003c9a      0x286 build/bitmap.o
                0x00000000c0003c9a                bitmap_init
                0x00000000c0003ccd                bitmap_scan_test
                0x00000000c0003d16                bitmap_scan
                0x00000000c0003e58                bitmap_set
 .text          0x00000000c0003f20      0x4aa build/string.o
                0x00000000c0003f20                memset
                0x00000000c0003f89                memcpy
                0x00000000c0004000                memcmp
                0x00000000c0004099                strcpy
                0x00000000c0004104                strlen
                0x00000000c0004161                strcmp
                0x00000000c00041f0                strchr
                0x00000000c000425e                strrchr
                0x00000000c00042d2                strcat
                0x00000000c0004352                strchrs
 .text          0x00000000c00043ca      0x7d2 build/thread.o
                0x00000000c00043eb                running_thread
                0x00000000c0004489                thread_create
                0x00000000c000450d                init_thread
                0x00000000c00045c2                thread_start
                0x00000000c0004757                schedule
                0x00000000c00048cf                thread_block
                0x00000000c0004947                thread_unblock
                0x00000000c0004a68                thread_yield
                0x00000000c0004b05                thread_init
 .text.__x86.get_pc_thunk.dx
                0x00000000c0004b9c        0x4 build/thread.o
                0x00000000c0004b9c                __x86.get_pc_thunk.dx
 .text          0x00000000c0004ba0      0x25f build/list.o
                0x00000000c0004ba0                list_init
                0x00000000c0004bd8                list_insert_before
                0x00000000c0004c2c                list_push
                0x00000000c0004c54                list_append
                0x00000000c0004c7c                list_remove
                0x00000000c0004cc5                list_pop
                0x00000000c0004cf1                elem_find
                0x00000000c0004d36                list_traversal
                0x00000000c0004d9d                list_len
                0x00000000c0004ddc                list_empty
 *fill*         0x00000000c0004dff        0x1 
 .text          0x00000000c0004e00       0x15 build/switch.o
                0x00000000c0004e00                switch_to
 .text          0x00000000c0004e15      0x119 build/console.o
                0x00000000c0004e15                console_init
                0x00000000c0004e40                console_acquire
                0x00000000c0004e6b                console_release
                0x00000000c0004e96                console_put_str
                0x00000000c0004ec6                console_put_char
                0x00000000c0004efe                console_put_int
 .text          0x00000000c0004f2e      0x38f build/sync.o
                0x00000000c0004f2e                sema_init
                0x00000000c0004f68                lock_init
                0x00000000c0004fa2                sema_down
                0x00000000c00050be                sema_up
                0x00000000c0005188                lock_acquire
                0x00000000c000520e                lock_release
 .text          0x00000000c00052bd      0x351 build/keyboard.o
                0x00000000c00055ac                keyboard_init
 .text          0x00000000c000560e      0x378 build/ioqueue.o
                0x00000000c000560e                ioqueue_init
                0x00000000c0005682                ioq_full
                0x00000000c00056e1                ioq_empty
                0x00000000c00057eb                ioq_getchar
                0x00000000c00058b7                ioq_putchar
 .text          0x00000000c0005986      0x1b2 build/tss.o
                0x00000000c0005986                update_tss_esp
                0x00000000c0005a17                tss_init
 .text          0x00000000c0005b38      0x3dc build/process.o
                0x00000000c0005b38                start_process
                0x00000000c0005c4c                page_dir_activate
                0x00000000c0005c91                process_activate
                0x00000000c0005cf4                create_page_dir
                0x00000000c0005d7d                create_user_vaddr_bitmap
                0x00000000c0005dd6                process_execute
 .text          0x00000000c0005f14       0x95 build/syscall.o
                0x00000000c0005f14                getpid
                0x00000000c0005f33                write
                0x00000000c0005f5b                malloc
                0x00000000c0005f83                free
 .text          0x00000000c0005fa9       0xc1 build/syscall-init.o
                0x00000000c0005fa9                sys_getpid
                0x00000000c0005fcb                sys_write
                0x00000000c0005ffe                syscall_init
 .text          0x00000000c000606a      0x2cc build/stdio.o
                0x00000000c00060fb                vsprintf
                0x00000000c0006289                sprintf
                0x00000000c00062c3                printf
 .text          0x00000000c0006336      0xef8 build/ide.o
                0x00000000c00066bc                ide_read
                0x00000000c0006851                ide_write
                0x00000000c0006f08                intr_hd_handler
                0x00000000c0006fe0                ide_init
 .text          0x00000000c000722e       0x74 build/stdio-kernel.o
                0x00000000c000722e                printk
 *(.gnu.warning)

.fini
 *(SORT_NONE(.fini))
                [!provide]                        PROVIDE (__etext = .)
                [!provide]                        PROVIDE (_etext = .)
                [!provide]                        PROVIDE (etext = .)
                0x00000000c0008000                . = ALIGN (CONSTANT (MAXPAGESIZE))
                0x00000000c0008000                . = SEGMENT_START ("rodata-segment", (ALIGN (CONSTANT (MAXPAGESIZE)) + (. & (CONSTANT (MAXPAGESIZE) - 0x1))))

.rodata         0x00000000c0008000     0x12a9
 *(.rodata .rodata.* .gnu.linkonce.r.*)
 .rodata        0x00000000c0008000       0xe4 build/main.o
 .rodata        0x00000000c00080e4        0xa build/init.o
 *fill*         0x00000000c00080ee        0x2 
 .rodata        0x00000000c00080f0      0x2b9 build/interrupt.o
 *fill*         0x00000000c00083a9        0x3 
 .rodata        0x00000000c00083ac       0x88 build/timer.o
 .rodata        0x00000000c0008434       0x3f build/debug.o
 *fill*         0x00000000c0008473        0x1 
 .rodata        0x00000000c0008474      0x4cd build/memory.o
 *fill*         0x00000000c0008941        0x3 
 .rodata        0x00000000c0008944       0x6b build/bitmap.o
 *fill*         0x00000000c00089af        0x1 
 .rodata        0x00000000c00089b0       0xc4 build/string.o
 .rodata        0x00000000c0008a74      0x2dd build/thread.o
 *fill*         0x00000000c0008d51        0x3 
 .rodata        0x00000000c0008d54      0x135 build/sync.o
 .rodata        0x00000000c0008e89       0x36 build/keyboard.o
 *fill*         0x00000000c0008ebf        0x1 
 .rodata        0x00000000c0008ec0       0xa8 build/ioqueue.o
 .rodata        0x00000000c0008f68       0x27 build/tss.o
 *fill*         0x00000000c0008f8f        0x1 
 .rodata        0x00000000c0008f90       0xe0 build/process.o
 .rodata        0x00000000c0009070       0x27 build/syscall-init.o
 *fill*         0x00000000c0009097        0x1 
 .rodata        0x00000000c0009098      0x211 build/ide.o

.rodata1
 *(.rodata1)

.eh_frame_hdr
 *(.eh_frame_hdr)
 *(.eh_frame_entry .eh_frame_entry.*)

.eh_frame       0x00000000c00092ac     0x143c
 *(.eh_frame)
 .eh_frame      0x00000000c00092ac       0xc4 build/main.o
 .eh_frame      0x00000000c0009370       0x24 build/init.o
                                         0x50 (size before relaxing)
 .eh_frame      0x00000000c0009394      0x1ac build/interrupt.o
                                        0x1d8 (size before relaxing)
 .eh_frame      0x00000000c0009540       0xf0 build/timer.o
                                        0x130 (size before relaxing)
 .eh_frame      0x00000000c0009630       0x1c build/debug.o
                                         0x48 (size before relaxing)
 .eh_frame      0x00000000c000964c      0x2dc build/memory.o
                                        0x31c (size before relaxing)
 .eh_frame      0x00000000c0009928       0x90 build/bitmap.o
                                         0xbc (size before relaxing)
 .eh_frame      0x00000000c00099b8      0x168 build/string.o
                                        0x194 (size before relaxing)
 .eh_frame      0x00000000c0009b20      0x1d8 build/thread.o
                                        0x218 (size before relaxing)
 .eh_frame      0x00000000c0009cf8      0x148 build/list.o
                                        0x188 (size before relaxing)
 .eh_frame      0x00000000c0009e40       0xd8 build/console.o
                                        0x118 (size before relaxing)
 .eh_frame      0x00000000c0009f18       0xdc build/sync.o
                                        0x11c (size before relaxing)
 .eh_frame      0x00000000c0009ff4       0x68 build/keyboard.o
                                         0xa8 (size before relaxing)
 .eh_frame      0x00000000c000a05c      0x11c build/ioqueue.o
                                        0x15c (size before relaxing)
 .eh_frame      0x00000000c000a178       0x6c build/tss.o
                                         0xac (size before relaxing)
 .eh_frame      0x00000000c000a1e4       0xd8 build/process.o
                                        0x118 (size before relaxing)
 .eh_frame      0x00000000c000a2bc       0x8c build/syscall.o
                                         0xb8 (size before relaxing)
 .eh_frame      0x00000000c000a348       0x6c build/syscall-init.o
                                         0xac (size before relaxing)
 .eh_frame      0x00000000c000a3b4       0x90 build/stdio.o
                                         0xd0 (size before relaxing)
 .eh_frame      0x00000000c000a444      0x27c build/ide.o
                                        0x2bc (size before relaxing)
 .eh_frame      0x00000000c000a6c0       0x28 build/stdio-kernel.o
                                         0x54 (size before relaxing)
 *(.eh_frame.*)

.gcc_except_table
 *(.gcc_except_table .gcc_except_table.*)

.gnu_extab
 *(.gnu_extab*)

.exception_ranges
 *(.exception_ranges*)
                0x00000000c000c000                . = DATA_SEGMENT_ALIGN (CONSTANT (MAXPAGESIZE), CONSTANT (COMMONPAGESIZE))

.eh_frame
 *(.eh_frame)
 *(.eh_frame.*)

.gnu_extab
 *(.gnu_extab)

.gcc_except_table
 *(.gcc_except_table .gcc_except_table.*)

.exception_ranges
 *(.exception_ranges*)

.tdata          0x00000000c000c000        0x0
                [!provide]                        PROVIDE (__tdata_start = .)
 *(.tdata .tdata.* .gnu.linkonce.td.*)

.tbss
 *(.tbss .tbss.* .gnu.linkonce.tb.*)
 *(.tcommon)

.preinit_array  0x00000000c000c000        0x0
                [!provide]                        PROVIDE (__preinit_array_start = .)
 *(.preinit_array)
                [!provide]                        PROVIDE (__preinit_array_end = .)

.init_array     0x00000000c000c000        0x0
                [!provide]                        PROVIDE (__init_array_start = .)
 *(SORT_BY_INIT_PRIORITY(.init_array.*) SORT_BY_INIT_PRIORITY(.ctors.*))
 *(.init_array EXCLUDE_FILE(*crtend?.o *crtend.o *crtbegin?.o *crtbegin.o) .ctors)
                [!provide]                        PROVIDE (__init_array_end = .)

.fini_array     0x00000000c000c000        0x0
                [!provide]                        PROVIDE (__fini_array_start = .)
 *(SORT_BY_INIT_PRIORITY(.fini_array.*) SORT_BY_INIT_PRIORITY(.dtors.*))
 *(.fini_array EXCLUDE_FILE(*crtend?.o *crtend.o *crtbegin?.o *crtbegin.o) .dtors)
                [!provide]                        PROVIDE (__fini_array_end = .)

.ctors
 *crtbegin.o(.ctors)
 *crtbegin?.o(.ctors)
 *(EXCLUDE_FILE(*crtend?.o *crtend.o) .ctors)
 *(SORT_BY_NAME(.ctors.*))
 *(.ctors)

.dtors
 *crtbegin.o(.dtors)
 *crtbegin?.o(.dtors)
 *(EXCLUDE_FILE(*crtend?.o *crtend.o) .dtors)
 *(SORT_BY_NAME(.dtors.*))
 *(.dtors)

.jcr
 *(.jcr)

.data.rel.ro
 *(.data.rel.ro.local* .gnu.linkonce.d.rel.ro.local.*)
 *(.data.rel.ro .data.rel.ro.* .gnu.linkonce.d.rel.ro.*)

.dynamic
 *(.dynamic)

.got            0x00000000c000c000        0x0
 *(.got)
 .got           0x00000000c000c000        0x0 build/main.o
 *(.igot)
                0x00000000c000cff4                . = DATA_SEGMENT_RELRO_END (., (SIZEOF (.got.plt) >= 0xc)?0xc:0x0)

.got.plt        0x00000000c000c000        0xc
 *(.got.plt)
 .got.plt       0x00000000c000c000        0xc build/main.o
                0x00000000c000c000                _GLOBAL_OFFSET_TABLE_
 *(.igot.plt)
 .igot.plt      0x00000000c000c00c        0x0 build/main.o

.data           0x00000000c000c020      0x156
 *(.data .data.* .gnu.linkonce.d.*)
 .data          0x00000000c000c020        0x0 build/main.o
 .data          0x00000000c000c020        0x0 build/init.o
 .data          0x00000000c000c020        0x0 build/interrupt.o
 .data          0x00000000c000c020        0x0 build/timer.o
 .data          0x00000000c000c020       0xd2 build/kernel.o
                0x00000000c000c032                intr_entry_table
 *fill*         0x00000000c000c0f2        0x2 
 .data          0x00000000c000c0f4        0x8 build/print.o
 .data          0x00000000c000c0fc        0x0 build/debug.o
 .data          0x00000000c000c0fc        0x0 build/memory.o
 .data          0x00000000c000c0fc        0x0 build/bitmap.o
 .data          0x00000000c000c0fc        0x0 build/string.o
 .data          0x00000000c000c0fc        0x0 build/thread.o
 .data          0x00000000c000c0fc        0x0 build/list.o
 .data          0x00000000c000c0fc        0x0 build/console.o
 .data          0x00000000c000c0fc        0x0 build/sync.o
 *fill*         0x00000000c000c0fc        0x4 
 .data          0x00000000c000c100       0x76 build/keyboard.o
 .data          0x00000000c000c176        0x0 build/ioqueue.o
 .data          0x00000000c000c176        0x0 build/tss.o
 .data          0x00000000c000c176        0x0 build/process.o
 .data          0x00000000c000c176        0x0 build/syscall.o
 .data          0x00000000c000c176        0x0 build/syscall-init.o
 .data          0x00000000c000c176        0x0 build/stdio.o
 .data          0x00000000c000c176        0x0 build/ide.o
 .data          0x00000000c000c176        0x0 build/stdio-kernel.o

.data1
 *(.data1)
                0x00000000c000c176                _edata = .
                [!provide]                        PROVIDE (edata = .)
                0x00000000c000c176                . = .
                0x00000000c000c176                __bss_start = .

.bss            0x00000000c000c180     0x1878
 *(.dynbss)
 *(.bss .bss.* .gnu.linkonce.b.*)
 .bss           0x00000000c000c180        0x0 build/main.o
 .bss           0x00000000c000c180        0x0 build/init.o
 .bss           0x00000000c000c180      0x848 build/interrupt.o
                0x00000000c000c180                intr_name
                0x00000000c000c3a0                idt_table
 .bss           0x00000000c000c9c8        0x4 build/timer.o
                0x00000000c000c9c8                ticks
 .bss           0x00000000c000c9cc        0x0 build/debug.o
 *fill*         0x00000000c000c9cc       0x14 
 .bss           0x00000000c000c9e0      0x128 build/memory.o
                0x00000000c000c9e0                kernel_pool
                0x00000000c000ca20                user_pool
                0x00000000c000ca4c                kernel_vaddr
                0x00000000c000ca60                k_block_descs
 .bss           0x00000000c000cb08        0x0 build/bitmap.o
 .bss           0x00000000c000cb08        0x0 build/string.o
 .bss           0x00000000c000cb08       0x4a build/thread.o
                0x00000000c000cb08                main_thread
                0x00000000c000cb0c                idle_thread
                0x00000000c000cb10                thread_ready_list
                0x00000000c000cb20                thread_all_list
                0x00000000c000cb30                pid_lock
 .bss           0x00000000c000cb52        0x0 build/list.o
 *fill*         0x00000000c000cb52        0x2 
 .bss           0x00000000c000cb54       0x1c build/console.o
 .bss           0x00000000c000cb70        0x0 build/sync.o
 *fill*         0x00000000c000cb70       0x10 
 .bss           0x00000000c000cb80       0x80 build/keyboard.o
                0x00000000c000cb80                kbd_buf
 .bss           0x00000000c000cc00        0x0 build/ioqueue.o
 .bss           0x00000000c000cc00       0x6c build/tss.o
 .bss           0x00000000c000cc6c        0x0 build/process.o
 .bss           0x00000000c000cc6c        0x0 build/syscall.o
 *fill*         0x00000000c000cc6c       0x14 
 .bss           0x00000000c000cc80       0x80 build/syscall-init.o
                0x00000000c000cc80                syscall_table
 .bss           0x00000000c000cd00        0x0 build/stdio.o
 .bss           0x00000000c000cd00      0xcf8 build/ide.o
                0x00000000c000cd00                channel_cnt
                0x00000000c000cd20                channels
                0x00000000c000d9e0                ext_lba_base
                0x00000000c000d9e4                p_no
                0x00000000c000d9e5                l_no
                0x00000000c000d9e8                partition_list
 .bss           0x00000000c000d9f8        0x0 build/stdio-kernel.o
 *(COMMON)
                0x00000000c000d9f8                . = ALIGN ((. != 0x0)?0x4:0x1)
                0x00000000c000d9f8                . = ALIGN (0x4)
                0x00000000c000d9f8                . = SEGMENT_START ("ldata-segment", .)
                0x00000000c000d9f8                . = ALIGN (0x4)
                0x00000000c000d9f8                _end = .
                [!provide]                        PROVIDE (end = .)
                0x00000000c000d9f8                . = DATA_SEGMENT_END (.)

.stab
 *(.stab)

.stabstr
 *(.stabstr)

.stab.excl
 *(.stab.excl)

.stab.exclstr
 *(.stab.exclstr)

.stab.index
 *(.stab.index)

.stab.indexstr
 *(.stab.indexstr)

.comment        0x0000000000000000       0x2b
 *(.comment)
 .comment       0x0000000000000000       0x2b build/main.o
                                         0x2c (size before relaxing)
 .comment       0x000000000000002b       0x2c build/init.o
 .comment       0x000000000000002b       0x2c build/interrupt.o
 .comment       0x000000000000002b       0x2c build/timer.o
 .comment       0x000000000000002b       0x2c build/debug.o
 .comment       0x000000000000002b       0x2c build/memory.o
 .comment       0x000000000000002b       0x2c build/bitmap.o
 .comment       0x000000000000002b       0x2c build/string.o
 .comment       0x000000000000002b       0x2c build/thread.o
 .comment       0x000000000000002b       0x2c build/list.o
 .comment       0x000000000000002b       0x2c build/console.o
 .comment       0x000000000000002b       0x2c build/sync.o
 .comment       0x000000000000002b       0x2c build/keyboard.o
 .comment       0x000000000000002b       0x2c build/ioqueue.o
 .comment       0x000000000000002b       0x2c build/tss.o
 .comment       0x000000000000002b       0x2c build/process.o
 .comment       0x000000000000002b       0x2c build/syscall.o
 .comment       0x000000000000002b       0x2c build/syscall-init.o
 .comment       0x000000000000002b       0x2c build/stdio.o
 .comment       0x000000000000002b       0x2c build/ide.o
 .comment       0x000000000000002b       0x2c build/stdio-kernel.o

.gnu.build.attributes
 *(.gnu.build.attributes .gnu.build.attributes.*)

.debug
 *(.debug)

.line
 *(.line)

.debug_srcinfo
 *(.debug_srcinfo)

.debug_sfnames
 *(.debug_sfnames)

.debug_aranges
 *(.debug_aranges)

.debug_pubnames
 *(.debug_pubnames)

.debug_info
 *(.debug_info .gnu.linkonce.wi.*)

.debug_abbrev
 *(.debug_abbrev)

.debug_line
 *(.debug_line .debug_line.* .debug_line_end)

.debug_frame
 *(.debug_frame)

.debug_str
 *(.debug_str)

.debug_loc
 *(.debug_loc)

.debug_macinfo
 *(.debug_macinfo)

.debug_weaknames
 *(.debug_weaknames)

.debug_funcnames
 *(.debug_funcnames)

.debug_typenames
 *(.debug_typenames)

.debug_varnames
 *(.debug_varnames)

.debug_pubtypes
 *(.debug_pubtypes)

.debug_ranges
 *(.debug_ranges)

.debug_addr
 *(.debug_addr)

.debug_line_str
 *(.debug_line_str)

.debug_loclists
 *(.debug_loclists)

.debug_macro
 *(.debug_macro)

.debug_names
 *(.debug_names)

.debug_rnglists
 *(.debug_rnglists)

.debug_str_offsets
 *(.debug_str_offsets)

.debug_sup
 *(.debug_sup)

.gnu.attributes
 *(.gnu.attributes)

/DISCARD/
 *(.note.GNU-stack)
 *(.gnu_debuglink)
 *(.gnu.lto_*)
OUTPUT(build/kernel.bin elf32-i386)
