
Allocating common symbols
Common symbol       size              file

user_pool           0x10              build/memory.o
intr_name           0xc4              build/interrupt.o
kernel_vaddr        0xc               build/memory.o
idt_table           0xc4              build/interrupt.o
kernel_pool         0x10              build/memory.o

Discarded input sections

 .note.GNU-stack
                0x0000000000000000        0x0 build/main.o
 .note.GNU-stack
                0x0000000000000000        0x0 build/init.o
 .note.GNU-stack
                0x0000000000000000        0x0 build/interrupt.o
 .note.GNU-stack
                0x0000000000000000        0x0 build/timer.o
 .note.GNU-stack
                0x0000000000000000        0x0 build/debug.o
 .note.GNU-stack
                0x0000000000000000        0x0 build/string.o
 .note.GNU-stack
                0x0000000000000000        0x0 build/bitmap.o
 .note.GNU-stack
                0x0000000000000000        0x0 build/memory.o

Memory Configuration

Name             Origin             Length             Attributes
*default*        0x0000000000000000 0xffffffffffffffff

Linker script and memory map

Address of section .text set to 0xc0001500
LOAD build/main.o
LOAD build/init.o
LOAD build/interrupt.o
LOAD build/timer.o
LOAD build/kernel.o
LOAD build/print.o
LOAD build/debug.o
LOAD build/string.o
LOAD build/bitmap.o
LOAD build/memory.o
                [!provide]                        PROVIDE (__executable_start = SEGMENT_START ("text-segment", 0x8048000))
                0x00000000080480d4                . = (SEGMENT_START ("text-segment", 0x8048000) + SIZEOF_HEADERS)

.interp
 *(.interp)

.note.gnu.build-id
 *(.note.gnu.build-id)

.hash
 *(.hash)

.gnu.hash
 *(.gnu.hash)

.dynsym
 *(.dynsym)

.dynstr
 *(.dynstr)

.gnu.version
 *(.gnu.version)

.gnu.version_d
 *(.gnu.version_d)

.gnu.version_r
 *(.gnu.version_r)

.rel.dyn        0x00000000080480d4        0x0
 *(.rel.init)
 *(.rel.text .rel.text.* .rel.gnu.linkonce.t.*)
 .rel.text      0x00000000080480d4        0x0 build/main.o
 *(.rel.fini)
 *(.rel.rodata .rel.rodata.* .rel.gnu.linkonce.r.*)
 *(.rel.data.rel.ro .rel.data.rel.ro.* .rel.gnu.linkonce.d.rel.ro.*)
 *(.rel.data .rel.data.* .rel.gnu.linkonce.d.*)
 *(.rel.tdata .rel.tdata.* .rel.gnu.linkonce.td.*)
 *(.rel.tbss .rel.tbss.* .rel.gnu.linkonce.tb.*)
 *(.rel.ctors)
 *(.rel.dtors)
 *(.rel.got)
 .rel.got       0x00000000080480d4        0x0 build/main.o
 *(.rel.bss .rel.bss.* .rel.gnu.linkonce.b.*)
 *(.rel.ifunc)

.rel.plt        0x00000000080480d4        0x0
 *(.rel.plt)
                [!provide]                        PROVIDE (__rel_iplt_start = .)
 *(.rel.iplt)
 .rel.iplt      0x00000000080480d4        0x0 build/main.o
                [!provide]                        PROVIDE (__rel_iplt_end = .)

.relr.dyn
 *(.relr.dyn)
                0x0000000008049000                . = ALIGN (CONSTANT (MAXPAGESIZE))

.init
 *(SORT_NONE(.init))

.plt            0x0000000008049000        0x0
 *(.plt)
 *(.iplt)
 .iplt          0x0000000008049000        0x0 build/main.o

.plt.got
 *(.plt.got)

.plt.sec
 *(.plt.sec)

.text           0x00000000c0001500     0x1958
 *(.text.unlikely .text.*_unlikely .text.unlikely.*)
 *(.text.exit .text.exit.*)
 *(.text.startup .text.startup.*)
 *(.text.hot .text.hot.*)
 *(SORT_BY_NAME(.text.sorted.*))
 *(.text .stub .text.* .gnu.linkonce.t.*)
 .text          0x00000000c0001500       0x8c build/main.o
                0x00000000c0001500                main
 .text          0x00000000c000158c       0x23 build/init.o
                0x00000000c000158c                init_all
 .text          0x00000000c00015af      0x3c3 build/interrupt.o
                0x00000000c0001894                idt_init
                0x00000000c00018df                intr_enable
                0x00000000c0001908                intr_disable
                0x00000000c0001931                intr_set_status
                0x00000000c000194f                intr_get_status
 .text          0x00000000c0001972       0xf6 build/timer.o
                0x00000000c0001a28                timer_init
 *fill*         0x00000000c0001a68        0x8 
 .text          0x00000000c0001a70      0x525 build/kernel.o
                0x00000000c0001a70                intr_exit
 *fill*         0x00000000c0001f95        0xb 
 .text          0x00000000c0001fa0      0x14c build/print.o
                0x00000000c0001fa0                put_char
                0x00000000c000206d                put_int
                0x00000000c00020ce                put_str
 .text          0x00000000c00020ec       0xa5 build/debug.o
                0x00000000c00020ec                panic_spin
 .text          0x00000000c0002191      0x454 build/string.o
                0x00000000c0002191                memset
                0x00000000c00021ed                memcpy
                0x00000000c0002255                memcmp
                0x00000000c00022eb                strcpy
                0x00000000c000234e                strlen
                0x00000000c00023a8                strcmp
                0x00000000c000242f                strchr
                0x00000000c0002495                strrchr
                0x00000000c00024fe                strcat
                0x00000000c0002578                strchrs
 .text          0x00000000c00025e5      0x26f build/bitmap.o
                0x00000000c00025e5                bitmap_init
                0x00000000c000260c                bitmap_scan_test
                0x00000000c000264d                bitmap_scan
                0x00000000c000279b                bitmap_set
 .text          0x00000000c0002854      0x604 build/memory.o
                0x00000000c0002b1a                pte_ptr
                0x00000000c0002b4b                pde_ptr
                0x00000000c0002d09                malloc_page
                0x00000000c0002ddf                kalloc
                0x00000000c0002e23                mem_init
 *(.gnu.warning)

.fini
 *(SORT_NONE(.fini))
                [!provide]                        PROVIDE (__etext = .)
                [!provide]                        PROVIDE (_etext = .)
                [!provide]                        PROVIDE (etext = .)
                0x00000000c0003000                . = ALIGN (CONSTANT (MAXPAGESIZE))
                0x00000000c0003000                . = SEGMENT_START ("rodata-segment", (ALIGN (CONSTANT (MAXPAGESIZE)) + (. & (CONSTANT (MAXPAGESIZE) - 0x1))))

.rodata         0x00000000c0003000      0x67c
 *(.rodata .rodata.* .gnu.linkonce.r.*)
 .rodata        0x00000000c0003000       0x55 build/main.o
 .rodata        0x00000000c0003055        0xa build/init.o
 *fill*         0x00000000c000305f        0x1 
 .rodata        0x00000000c0003060      0x271 build/interrupt.o
 .rodata        0x00000000c00032d1       0x12 build/timer.o
 .rodata        0x00000000c00032e3       0x46 build/debug.o
 .rodata        0x00000000c0003329       0xb9 build/string.o
 *fill*         0x00000000c00033e2        0x2 
 .rodata        0x00000000c00033e4       0x64 build/bitmap.o
 .rodata        0x00000000c0003448      0x234 build/memory.o

.rodata1
 *(.rodata1)

.eh_frame_hdr
 *(.eh_frame_hdr)
 *(.eh_frame_entry .eh_frame_entry.*)

.eh_frame
 *(.eh_frame)
 *(.eh_frame.*)

.gcc_except_table
 *(.gcc_except_table .gcc_except_table.*)

.gnu_extab
 *(.gnu_extab*)

.exception_ranges
 *(.exception_ranges*)
                0x00000000c000467c                . = DATA_SEGMENT_ALIGN (CONSTANT (MAXPAGESIZE), CONSTANT (COMMONPAGESIZE))

.eh_frame
 *(.eh_frame)
 *(.eh_frame.*)

.gnu_extab
 *(.gnu_extab)

.gcc_except_table
 *(.gcc_except_table .gcc_except_table.*)

.exception_ranges
 *(.exception_ranges*)

.tdata          0x00000000c000467c        0x0
                [!provide]                        PROVIDE (__tdata_start = .)
 *(.tdata .tdata.* .gnu.linkonce.td.*)

.tbss
 *(.tbss .tbss.* .gnu.linkonce.tb.*)
 *(.tcommon)

.preinit_array  0x00000000c000467c        0x0
                [!provide]                        PROVIDE (__preinit_array_start = .)
 *(.preinit_array)
                [!provide]                        PROVIDE (__preinit_array_end = .)

.init_array     0x00000000c000467c        0x0
                [!provide]                        PROVIDE (__init_array_start = .)
 *(SORT_BY_INIT_PRIORITY(.init_array.*) SORT_BY_INIT_PRIORITY(.ctors.*))
 *(.init_array EXCLUDE_FILE(*crtend?.o *crtend.o *crtbegin?.o *crtbegin.o) .ctors)
                [!provide]                        PROVIDE (__init_array_end = .)

.fini_array     0x00000000c000467c        0x0
                [!provide]                        PROVIDE (__fini_array_start = .)
 *(SORT_BY_INIT_PRIORITY(.fini_array.*) SORT_BY_INIT_PRIORITY(.dtors.*))
 *(.fini_array EXCLUDE_FILE(*crtend?.o *crtend.o *crtbegin?.o *crtbegin.o) .dtors)
                [!provide]                        PROVIDE (__fini_array_end = .)

.ctors
 *crtbegin.o(.ctors)
 *crtbegin?.o(.ctors)
 *(EXCLUDE_FILE(*crtend?.o *crtend.o) .ctors)
 *(SORT_BY_NAME(.ctors.*))
 *(.ctors)

.dtors
 *crtbegin.o(.dtors)
 *crtbegin?.o(.dtors)
 *(EXCLUDE_FILE(*crtend?.o *crtend.o) .dtors)
 *(SORT_BY_NAME(.dtors.*))
 *(.dtors)

.jcr
 *(.jcr)

.data.rel.ro
 *(.data.rel.ro.local* .gnu.linkonce.d.rel.ro.local.*)
 *(.data.rel.ro .data.rel.ro.* .gnu.linkonce.d.rel.ro.*)

.dynamic
 *(.dynamic)

.got            0x00000000c000467c        0x0
 *(.got)
 .got           0x00000000c000467c        0x0 build/main.o
 *(.igot)
                0x00000000c000467c                . = DATA_SEGMENT_RELRO_END (., (SIZEOF (.got.plt) >= 0xc)?0xc:0x0)

.got.plt        0x00000000c000467c        0x0
 *(.got.plt)
 .got.plt       0x00000000c000467c        0x0 build/main.o
 *(.igot.plt)
 .igot.plt      0x00000000c000467c        0x0 build/main.o

.data           0x00000000c000467c       0xd8
 *(.data .data.* .gnu.linkonce.d.*)
 .data          0x00000000c000467c        0x0 build/main.o
 .data          0x00000000c000467c        0x0 build/init.o
 .data          0x00000000c000467c        0x0 build/interrupt.o
 .data          0x00000000c000467c        0x0 build/timer.o
 .data          0x00000000c000467c       0xce build/kernel.o
                0x00000000c000468e                intr_entry_table
 *fill*         0x00000000c000474a        0x2 
 .data          0x00000000c000474c        0x8 build/print.o
 .data          0x00000000c0004754        0x0 build/debug.o
 .data          0x00000000c0004754        0x0 build/string.o
 .data          0x00000000c0004754        0x0 build/bitmap.o
 .data          0x00000000c0004754        0x0 build/memory.o

.data1
 *(.data1)
                0x00000000c0004754                _edata = .
                [!provide]                        PROVIDE (edata = .)
                0x00000000c0004754                . = .
                0x00000000c0004754                __bss_start = .

.bss            0x00000000c0004760      0x370
 *(.dynbss)
 *(.bss .bss.* .gnu.linkonce.b.*)
 .bss           0x00000000c0004760        0x0 build/main.o
 .bss           0x00000000c0004760        0x0 build/init.o
 .bss           0x00000000c0004760      0x188 build/interrupt.o
 .bss           0x00000000c00048e8        0x0 build/timer.o
 .bss           0x00000000c00048e8        0x0 build/debug.o
 .bss           0x00000000c00048e8        0x0 build/string.o
 .bss           0x00000000c00048e8        0x0 build/bitmap.o
 .bss           0x00000000c00048e8        0x0 build/memory.o
 *(COMMON)
 *fill*         0x00000000c00048e8       0x18 
 COMMON         0x00000000c0004900      0x1a4 build/interrupt.o
                0x00000000c0004900                intr_name
                0x00000000c00049e0                idt_table
 COMMON         0x00000000c0004aa4       0x2c build/memory.o
                0x00000000c0004aa4                user_pool
                0x00000000c0004ab4                kernel_vaddr
                0x00000000c0004ac0                kernel_pool
                0x00000000c0004ad0                . = ALIGN ((. != 0x0)?0x4:0x1)
                0x00000000c0004ad0                . = ALIGN (0x4)
                0x00000000c0004ad0                . = SEGMENT_START ("ldata-segment", .)
                0x00000000c0004ad0                . = ALIGN (0x4)
                0x00000000c0004ad0                _end = .
                [!provide]                        PROVIDE (end = .)
                0x00000000c0004ad0                . = DATA_SEGMENT_END (.)

.stab
 *(.stab)

.stabstr
 *(.stabstr)

.stab.excl
 *(.stab.excl)

.stab.exclstr
 *(.stab.exclstr)

.stab.index
 *(.stab.index)

.stab.indexstr
 *(.stab.indexstr)

.comment        0x0000000000000000       0x2a
 *(.comment)
 .comment       0x0000000000000000       0x2a build/main.o
                                         0x2b (size before relaxing)
 .comment       0x000000000000002a       0x2b build/init.o
 .comment       0x000000000000002a       0x2b build/interrupt.o
 .comment       0x000000000000002a       0x2b build/timer.o
 .comment       0x000000000000002a       0x2b build/debug.o
 .comment       0x000000000000002a       0x2b build/string.o
 .comment       0x000000000000002a       0x2b build/bitmap.o
 .comment       0x000000000000002a       0x2b build/memory.o

.gnu.build.attributes
 *(.gnu.build.attributes .gnu.build.attributes.*)

.debug
 *(.debug)

.line
 *(.line)

.debug_srcinfo
 *(.debug_srcinfo)

.debug_sfnames
 *(.debug_sfnames)

.debug_aranges
 *(.debug_aranges)

.debug_pubnames
 *(.debug_pubnames)

.debug_info
 *(.debug_info .gnu.linkonce.wi.*)

.debug_abbrev
 *(.debug_abbrev)

.debug_line
 *(.debug_line .debug_line.* .debug_line_end)

.debug_frame
 *(.debug_frame)

.debug_str
 *(.debug_str)

.debug_loc
 *(.debug_loc)

.debug_macinfo
 *(.debug_macinfo)

.debug_weaknames
 *(.debug_weaknames)

.debug_funcnames
 *(.debug_funcnames)

.debug_typenames
 *(.debug_typenames)

.debug_varnames
 *(.debug_varnames)

.debug_pubtypes
 *(.debug_pubtypes)

.debug_ranges
 *(.debug_ranges)

.debug_addr
 *(.debug_addr)

.debug_line_str
 *(.debug_line_str)

.debug_loclists
 *(.debug_loclists)

.debug_macro
 *(.debug_macro)

.debug_names
 *(.debug_names)

.debug_rnglists
 *(.debug_rnglists)

.debug_str_offsets
 *(.debug_str_offsets)

.debug_sup
 *(.debug_sup)

.gnu.attributes
 *(.gnu.attributes)

/DISCARD/
 *(.note.GNU-stack)
 *(.gnu_debuglink)
 *(.gnu.lto_*)
OUTPUT(build/kernel.bin elf32-i386)
