
Allocating common symbols
Common symbol       size              file

kbd_buf             0x6c              build/keyboard.o
thread_ready_list   0x10              build/thread.o
thread_all_list     0x10              build/thread.o
user_pool           0x10              build/memory.o
intr_name           0xc4              build/interrupt.o
main_thread         0x4               build/thread.o
ticks               0x4               build/timer.o
kernel_vaddr        0xc               build/memory.o
idt_table           0xc4              build/interrupt.o
kernel_pool         0x10              build/memory.o

Discarded input sections

 .note.GNU-stack
                0x0000000000000000        0x0 build/main.o
 .note.GNU-stack
                0x0000000000000000        0x0 build/init.o
 .note.GNU-stack
                0x0000000000000000        0x0 build/interrupt.o
 .note.GNU-stack
                0x0000000000000000        0x0 build/timer.o
 .note.GNU-stack
                0x0000000000000000        0x0 build/debug.o
 .note.GNU-stack
                0x0000000000000000        0x0 build/string.o
 .note.GNU-stack
                0x0000000000000000        0x0 build/bitmap.o
 .note.GNU-stack
                0x0000000000000000        0x0 build/memory.o
 .note.GNU-stack
                0x0000000000000000        0x0 build/thread.o
 .note.GNU-stack
                0x0000000000000000        0x0 build/list.o
 .note.GNU-stack
                0x0000000000000000        0x0 build/sync.o
 .note.GNU-stack
                0x0000000000000000        0x0 build/ioqueue.o
 .note.GNU-stack
                0x0000000000000000        0x0 build/keyboard.o
 .note.GNU-stack
                0x0000000000000000        0x0 build/console.o

Memory Configuration

Name             Origin             Length             Attributes
*default*        0x0000000000000000 0xffffffffffffffff

Linker script and memory map

Address of section .text set to 0xc0001500
LOAD build/main.o
LOAD build/init.o
LOAD build/interrupt.o
LOAD build/timer.o
LOAD build/kernel.o
LOAD build/print.o
LOAD build/debug.o
LOAD build/string.o
LOAD build/bitmap.o
LOAD build/memory.o
LOAD build/thread.o
LOAD build/switch.o
LOAD build/list.o
LOAD build/sync.o
LOAD build/ioqueue.o
LOAD build/keyboard.o
LOAD build/console.o
                [!provide]                        PROVIDE (__executable_start = SEGMENT_START ("text-segment", 0x8048000))
                0x00000000080480d4                . = (SEGMENT_START ("text-segment", 0x8048000) + SIZEOF_HEADERS)

.interp
 *(.interp)

.note.gnu.build-id
 *(.note.gnu.build-id)

.hash
 *(.hash)

.gnu.hash
 *(.gnu.hash)

.dynsym
 *(.dynsym)

.dynstr
 *(.dynstr)

.gnu.version
 *(.gnu.version)

.gnu.version_d
 *(.gnu.version_d)

.gnu.version_r
 *(.gnu.version_r)

.rel.dyn        0x00000000080480d4        0x0
 *(.rel.init)
 *(.rel.text .rel.text.* .rel.gnu.linkonce.t.*)
 .rel.text      0x00000000080480d4        0x0 build/main.o
 *(.rel.fini)
 *(.rel.rodata .rel.rodata.* .rel.gnu.linkonce.r.*)
 *(.rel.data.rel.ro .rel.data.rel.ro.* .rel.gnu.linkonce.d.rel.ro.*)
 *(.rel.data .rel.data.* .rel.gnu.linkonce.d.*)
 *(.rel.tdata .rel.tdata.* .rel.gnu.linkonce.td.*)
 *(.rel.tbss .rel.tbss.* .rel.gnu.linkonce.tb.*)
 *(.rel.ctors)
 *(.rel.dtors)
 *(.rel.got)
 .rel.got       0x00000000080480d4        0x0 build/main.o
 *(.rel.bss .rel.bss.* .rel.gnu.linkonce.b.*)
 *(.rel.ifunc)

.rel.plt        0x00000000080480d4        0x0
 *(.rel.plt)
                [!provide]                        PROVIDE (__rel_iplt_start = .)
 *(.rel.iplt)
 .rel.iplt      0x00000000080480d4        0x0 build/main.o
                [!provide]                        PROVIDE (__rel_iplt_end = .)

.relr.dyn
 *(.relr.dyn)
                0x0000000008049000                . = ALIGN (CONSTANT (MAXPAGESIZE))

.init
 *(SORT_NONE(.init))

.plt            0x0000000008049000        0x0
 *(.plt)
 *(.iplt)
 .iplt          0x0000000008049000        0x0 build/main.o

.plt.got
 *(.plt.got)

.plt.sec
 *(.plt.sec)

.text           0x00000000c0001500     0x2bd6
 *(.text.unlikely .text.*_unlikely .text.unlikely.*)
 *(.text.exit .text.exit.*)
 *(.text.startup .text.startup.*)
 *(.text.hot .text.hot.*)
 *(SORT_BY_NAME(.text.sorted.*))
 *(.text .stub .text.* .gnu.linkonce.t.*)
 .text          0x00000000c0001500       0x53 build/main.o
                0x00000000c0001500                main
                0x00000000c0001521                k_thread_a
                0x00000000c000153a                k_thread_b
 .text          0x00000000c0001553       0x32 build/init.o
                0x00000000c0001553                init_all
 .text          0x00000000c0001585      0x43b build/interrupt.o
                0x00000000c00018c6                idt_init
                0x00000000c0001911                intr_enable
                0x00000000c000193a                intr_disable
                0x00000000c0001963                intr_set_status
                0x00000000c0001981                intr_get_status
                0x00000000c00019a4                register_handler
 .text          0x00000000c00019c0      0x195 build/timer.o
                0x00000000c0001af5                timer_init
 *fill*         0x00000000c0001b55        0xb 
 .text          0x00000000c0001b60      0x540 build/kernel.o
                0x00000000c0001b60                intr_exit
 .text          0x00000000c00020a0      0x170 build/print.o
                0x00000000c00020a0                put_char
                0x00000000c000216d                put_int
                0x00000000c00021ce                put_str
                0x00000000c00021ec                set_cursor
 .text          0x00000000c0002210       0xa5 build/debug.o
                0x00000000c0002210                panic_spin
 .text          0x00000000c00022b5      0x454 build/string.o
                0x00000000c00022b5                memset
                0x00000000c0002311                memcpy
                0x00000000c0002379                memcmp
                0x00000000c000240f                strcpy
                0x00000000c0002472                strlen
                0x00000000c00024cc                strcmp
                0x00000000c0002553                strchr
                0x00000000c00025b9                strrchr
                0x00000000c0002622                strcat
                0x00000000c000269c                strchrs
 .text          0x00000000c0002709      0x270 build/bitmap.o
                0x00000000c0002709                bitmap_init
                0x00000000c0002730                bitmap_scan_test
                0x00000000c0002772                bitmap_scan
                0x00000000c00028c0                bitmap_set
 .text          0x00000000c0002979      0x604 build/memory.o
                0x00000000c0002c3f                pte_ptr
                0x00000000c0002c70                pde_ptr
                0x00000000c0002e2e                malloc_page
                0x00000000c0002f04                kalloc
                0x00000000c0002f48                mem_init
 .text          0x00000000c0002f7d      0x58e build/thread.o
                0x00000000c0002f7d                running_thread
                0x00000000c0002fa8                thread_create
                0x00000000c000301e                init_thread
                0x00000000c00030b9                thread_start
                0x00000000c0003234                schedule
                0x00000000c000335c                thread_block
                0x00000000c00033c3                thread_unblock
                0x00000000c00034ce                thread_init
 *fill*         0x00000000c000350b        0x5 
 .text          0x00000000c0003510       0x15 build/switch.o
                0x00000000c0003510                switch_to
 .text          0x00000000c0003525      0x1e4 build/list.o
                0x00000000c0003525                list_init
                0x00000000c0003552                list_insert_before
                0x00000000c0003593                list_push
                0x00000000c00035b0                list_append
                0x00000000c00035cd                list_remove
                0x00000000c0003603                list_pop
                0x00000000c0003622                elem_find
                0x00000000c000365d                list_traversal
                0x00000000c00036bb                list_len
                0x00000000c00036f0                list_empty
 .text          0x00000000c0003709      0x347 build/sync.o
                0x00000000c0003709                sema_init
                0x00000000c000372e                lock_init
                0x00000000c000375f                sema_down
                0x00000000c0003873                sema_up
                0x00000000c0003929                lock_acquire
                0x00000000c00039a5                lock_release
 .text          0x00000000c0003a50      0x2f1 build/ioqueue.o
                0x00000000c0003a50                ioqueue_init
                0x00000000c0003aad                ioq_full
                0x00000000c0003afe                ioq_empty
                0x00000000c0003be3                ioq_getchar
                0x00000000c0003c91                ioq_putchar
 .text          0x00000000c0003d41      0x2fb build/keyboard.o
                0x00000000c0003ffc                keyboard_init
 .text          0x00000000c000403c       0x9a build/console.o
                0x00000000c000403c                console_init
                0x00000000c0004050                console_acquire
                0x00000000c0004064                console_release
                0x00000000c0004078                console_put_str
                0x00000000c0004095                console_put_char
                0x00000000c00040b9                console_put_int
 *(.gnu.warning)

.fini
 *(SORT_NONE(.fini))
                [!provide]                        PROVIDE (__etext = .)
                [!provide]                        PROVIDE (_etext = .)
                [!provide]                        PROVIDE (etext = .)
                0x00000000c0005000                . = ALIGN (CONSTANT (MAXPAGESIZE))
                0x00000000c0005000                . = SEGMENT_START ("rodata-segment", (ALIGN (CONSTANT (MAXPAGESIZE)) + (. & (CONSTANT (MAXPAGESIZE) - 0x1))))

.rodata         0x00000000c0005000      0xb97
 *(.rodata .rodata.* .gnu.linkonce.r.*)
 .rodata        0x00000000c0005000        0xd build/main.o
 .rodata        0x00000000c000500d        0xa build/init.o
 *fill*         0x00000000c0005017        0x1 
 .rodata        0x00000000c0005018      0x2bd build/interrupt.o
 *fill*         0x00000000c00052d5        0x3 
 .rodata        0x00000000c00052d8       0x6b build/timer.o
 .rodata        0x00000000c0005343       0x3f build/debug.o
 .rodata        0x00000000c0005382       0xb9 build/string.o
 *fill*         0x00000000c000543b        0x1 
 .rodata        0x00000000c000543c       0x64 build/bitmap.o
 .rodata        0x00000000c00054a0      0x234 build/memory.o
 .rodata        0x00000000c00056d4      0x2be build/thread.o
 *fill*         0x00000000c0005992        0x2 
 .rodata        0x00000000c0005994      0x12f build/sync.o
 *fill*         0x00000000c0005ac3        0x1 
 .rodata        0x00000000c0005ac4       0x9d build/ioqueue.o
 .rodata        0x00000000c0005b61       0x36 build/keyboard.o

.rodata1
 *(.rodata1)

.eh_frame_hdr
 *(.eh_frame_hdr)
 *(.eh_frame_entry .eh_frame_entry.*)

.eh_frame
 *(.eh_frame)
 *(.eh_frame.*)

.gcc_except_table
 *(.gcc_except_table .gcc_except_table.*)

.gnu_extab
 *(.gnu_extab*)

.exception_ranges
 *(.exception_ranges*)
                0x00000000c0006000                . = DATA_SEGMENT_ALIGN (CONSTANT (MAXPAGESIZE), CONSTANT (COMMONPAGESIZE))

.eh_frame
 *(.eh_frame)
 *(.eh_frame.*)

.gnu_extab
 *(.gnu_extab)

.gcc_except_table
 *(.gcc_except_table .gcc_except_table.*)

.exception_ranges
 *(.exception_ranges*)

.tdata          0x00000000c0006000        0x0
                [!provide]                        PROVIDE (__tdata_start = .)
 *(.tdata .tdata.* .gnu.linkonce.td.*)

.tbss
 *(.tbss .tbss.* .gnu.linkonce.tb.*)
 *(.tcommon)

.preinit_array  0x00000000c0006000        0x0
                [!provide]                        PROVIDE (__preinit_array_start = .)
 *(.preinit_array)
                [!provide]                        PROVIDE (__preinit_array_end = .)

.init_array     0x00000000c0006000        0x0
                [!provide]                        PROVIDE (__init_array_start = .)
 *(SORT_BY_INIT_PRIORITY(.init_array.*) SORT_BY_INIT_PRIORITY(.ctors.*))
 *(.init_array EXCLUDE_FILE(*crtend?.o *crtend.o *crtbegin?.o *crtbegin.o) .ctors)
                [!provide]                        PROVIDE (__init_array_end = .)

.fini_array     0x00000000c0006000        0x0
                [!provide]                        PROVIDE (__fini_array_start = .)
 *(SORT_BY_INIT_PRIORITY(.fini_array.*) SORT_BY_INIT_PRIORITY(.dtors.*))
 *(.fini_array EXCLUDE_FILE(*crtend?.o *crtend.o *crtbegin?.o *crtbegin.o) .dtors)
                [!provide]                        PROVIDE (__fini_array_end = .)

.ctors
 *crtbegin.o(.ctors)
 *crtbegin?.o(.ctors)
 *(EXCLUDE_FILE(*crtend?.o *crtend.o) .ctors)
 *(SORT_BY_NAME(.ctors.*))
 *(.ctors)

.dtors
 *crtbegin.o(.dtors)
 *crtbegin?.o(.dtors)
 *(EXCLUDE_FILE(*crtend?.o *crtend.o) .dtors)
 *(SORT_BY_NAME(.dtors.*))
 *(.dtors)

.jcr
 *(.jcr)

.data.rel.ro
 *(.data.rel.ro.local* .gnu.linkonce.d.rel.ro.local.*)
 *(.data.rel.ro .data.rel.ro.* .gnu.linkonce.d.rel.ro.*)

.dynamic
 *(.dynamic)

.got            0x00000000c0006000        0x0
 *(.got)
 .got           0x00000000c0006000        0x0 build/main.o
 *(.igot)
                0x00000000c0006000                . = DATA_SEGMENT_RELRO_END (., (SIZEOF (.got.plt) >= 0xc)?0xc:0x0)

.got.plt        0x00000000c0006000        0x0
 *(.got.plt)
 .got.plt       0x00000000c0006000        0x0 build/main.o
 *(.igot.plt)
 .igot.plt      0x00000000c0006000        0x0 build/main.o

.data           0x00000000c0006000      0x156
 *(.data .data.* .gnu.linkonce.d.*)
 .data          0x00000000c0006000        0x0 build/main.o
 .data          0x00000000c0006000        0x0 build/init.o
 .data          0x00000000c0006000        0x0 build/interrupt.o
 .data          0x00000000c0006000        0x0 build/timer.o
 .data          0x00000000c0006000       0xd2 build/kernel.o
                0x00000000c0006012                intr_entry_table
 *fill*         0x00000000c00060d2        0x2 
 .data          0x00000000c00060d4        0x8 build/print.o
 .data          0x00000000c00060dc        0x0 build/debug.o
 .data          0x00000000c00060dc        0x0 build/string.o
 .data          0x00000000c00060dc        0x0 build/bitmap.o
 .data          0x00000000c00060dc        0x0 build/memory.o
 .data          0x00000000c00060dc        0x0 build/thread.o
 .data          0x00000000c00060dc        0x0 build/list.o
 .data          0x00000000c00060dc        0x0 build/sync.o
 .data          0x00000000c00060dc        0x0 build/ioqueue.o
 *fill*         0x00000000c00060dc        0x4 
 .data          0x00000000c00060e0       0x76 build/keyboard.o
 .data          0x00000000c0006156        0x0 build/console.o

.data1
 *(.data1)
                0x00000000c0006156                _edata = .
                [!provide]                        PROVIDE (edata = .)
                0x00000000c0006156                . = .
                0x00000000c0006156                __bss_start = .

.bss            0x00000000c0006160      0x42c
 *(.dynbss)
 *(.bss .bss.* .gnu.linkonce.b.*)
 .bss           0x00000000c0006160        0x0 build/main.o
 .bss           0x00000000c0006160        0x0 build/init.o
 .bss           0x00000000c0006160      0x188 build/interrupt.o
 .bss           0x00000000c00062e8        0x0 build/timer.o
 .bss           0x00000000c00062e8        0x0 build/debug.o
 .bss           0x00000000c00062e8        0x0 build/string.o
 .bss           0x00000000c00062e8        0x0 build/bitmap.o
 .bss           0x00000000c00062e8        0x0 build/memory.o
 .bss           0x00000000c00062e8        0x4 build/thread.o
 .bss           0x00000000c00062ec        0x0 build/list.o
 .bss           0x00000000c00062ec        0x0 build/sync.o
 .bss           0x00000000c00062ec        0x0 build/ioqueue.o
 .bss           0x00000000c00062ec       0x14 build/keyboard.o
 .bss           0x00000000c0006300       0x1c build/console.o
 *(COMMON)
 *fill*         0x00000000c000631c        0x4 
 COMMON         0x00000000c0006320      0x1a4 build/interrupt.o
                0x00000000c0006320                intr_name
                0x00000000c0006400                idt_table
 COMMON         0x00000000c00064c4        0x4 build/timer.o
                0x00000000c00064c4                ticks
 COMMON         0x00000000c00064c8       0x2c build/memory.o
                0x00000000c00064c8                user_pool
                0x00000000c00064d8                kernel_vaddr
                0x00000000c00064e4                kernel_pool
 COMMON         0x00000000c00064f4       0x24 build/thread.o
                0x00000000c00064f4                thread_ready_list
                0x00000000c0006504                thread_all_list
                0x00000000c0006514                main_thread
 *fill*         0x00000000c0006518        0x8 
 COMMON         0x00000000c0006520       0x6c build/keyboard.o
                0x00000000c0006520                kbd_buf
                0x00000000c000658c                . = ALIGN ((. != 0x0)?0x4:0x1)
                0x00000000c000658c                . = ALIGN (0x4)
                0x00000000c000658c                . = SEGMENT_START ("ldata-segment", .)
                0x00000000c000658c                . = ALIGN (0x4)
                0x00000000c000658c                _end = .
                [!provide]                        PROVIDE (end = .)
                0x00000000c000658c                . = DATA_SEGMENT_END (.)

.stab
 *(.stab)

.stabstr
 *(.stabstr)

.stab.excl
 *(.stab.excl)

.stab.exclstr
 *(.stab.exclstr)

.stab.index
 *(.stab.index)

.stab.indexstr
 *(.stab.indexstr)

.comment        0x0000000000000000       0x2a
 *(.comment)
 .comment       0x0000000000000000       0x2a build/main.o
                                         0x2b (size before relaxing)
 .comment       0x000000000000002a       0x2b build/init.o
 .comment       0x000000000000002a       0x2b build/interrupt.o
 .comment       0x000000000000002a       0x2b build/timer.o
 .comment       0x000000000000002a       0x2b build/debug.o
 .comment       0x000000000000002a       0x2b build/string.o
 .comment       0x000000000000002a       0x2b build/bitmap.o
 .comment       0x000000000000002a       0x2b build/memory.o
 .comment       0x000000000000002a       0x2b build/thread.o
 .comment       0x000000000000002a       0x2b build/list.o
 .comment       0x000000000000002a       0x2b build/sync.o
 .comment       0x000000000000002a       0x2b build/ioqueue.o
 .comment       0x000000000000002a       0x2b build/keyboard.o
 .comment       0x000000000000002a       0x2b build/console.o

.gnu.build.attributes
 *(.gnu.build.attributes .gnu.build.attributes.*)

.debug
 *(.debug)

.line
 *(.line)

.debug_srcinfo
 *(.debug_srcinfo)

.debug_sfnames
 *(.debug_sfnames)

.debug_aranges
 *(.debug_aranges)

.debug_pubnames
 *(.debug_pubnames)

.debug_info
 *(.debug_info .gnu.linkonce.wi.*)

.debug_abbrev
 *(.debug_abbrev)

.debug_line
 *(.debug_line .debug_line.* .debug_line_end)

.debug_frame
 *(.debug_frame)

.debug_str
 *(.debug_str)

.debug_loc
 *(.debug_loc)

.debug_macinfo
 *(.debug_macinfo)

.debug_weaknames
 *(.debug_weaknames)

.debug_funcnames
 *(.debug_funcnames)

.debug_typenames
 *(.debug_typenames)

.debug_varnames
 *(.debug_varnames)

.debug_pubtypes
 *(.debug_pubtypes)

.debug_ranges
 *(.debug_ranges)

.debug_addr
 *(.debug_addr)

.debug_line_str
 *(.debug_line_str)

.debug_loclists
 *(.debug_loclists)

.debug_macro
 *(.debug_macro)

.debug_names
 *(.debug_names)

.debug_rnglists
 *(.debug_rnglists)

.debug_str_offsets
 *(.debug_str_offsets)

.debug_sup
 *(.debug_sup)

.gnu.attributes
 *(.gnu.attributes)

/DISCARD/
 *(.note.GNU-stack)
 *(.gnu_debuglink)
 *(.gnu.lto_*)
OUTPUT(build/kernel.bin elf32-i386)
