
Allocating common symbols
Common symbol       size              file

pid_pool            0x28              build/thread.o
kbd_buf             0x6c              build/keyboard.o
root_dir            0x208             build/dir.o
thread_ready_list   0x10              build/thread.o
thread_all_list     0x10              build/thread.o
user_pool           0x2c              build/memory.o
channel_cnt         0x1               build/ide.o
cur_part            0x4               build/fs.o
k_block_descs       0xa8              build/memory.o
idle_thread         0x4               build/thread.o
intr_name           0x204             build/interrupt.o
main_thread         0x4               build/thread.o
channels            0xcc0             build/ide.o
ticks               0x4               build/timer.o
kernel_vaddr        0xc               build/memory.o
syscall_table       0x80              build/syscall-init.o
idt_table           0x204             build/interrupt.o
file_table          0x180             build/file.o
partition_list      0x10              build/ide.o
kernel_pool         0x2c              build/memory.o

Discarded input sections

 .note.GNU-stack
                0x0000000000000000        0x0 build/main.o
 .note.GNU-stack
                0x0000000000000000        0x0 build/init.o
 .note.GNU-stack
                0x0000000000000000        0x0 build/interrupt.o
 .note.GNU-stack
                0x0000000000000000        0x0 build/timer.o
 .note.GNU-stack
                0x0000000000000000        0x0 build/debug.o
 .note.GNU-stack
                0x0000000000000000        0x0 build/memory.o
 .note.GNU-stack
                0x0000000000000000        0x0 build/bitmap.o
 .note.GNU-stack
                0x0000000000000000        0x0 build/string.o
 .note.GNU-stack
                0x0000000000000000        0x0 build/thread.o
 .note.GNU-stack
                0x0000000000000000        0x0 build/list.o
 .note.GNU-stack
                0x0000000000000000        0x0 build/console.o
 .note.GNU-stack
                0x0000000000000000        0x0 build/sync.o
 .note.GNU-stack
                0x0000000000000000        0x0 build/keyboard.o
 .note.GNU-stack
                0x0000000000000000        0x0 build/ioqueue.o
 .note.GNU-stack
                0x0000000000000000        0x0 build/tss.o
 .note.GNU-stack
                0x0000000000000000        0x0 build/process.o
 .note.GNU-stack
                0x0000000000000000        0x0 build/syscall.o
 .note.GNU-stack
                0x0000000000000000        0x0 build/syscall-init.o
 .note.GNU-stack
                0x0000000000000000        0x0 build/stdio.o
 .note.GNU-stack
                0x0000000000000000        0x0 build/ide.o
 .note.GNU-stack
                0x0000000000000000        0x0 build/stdio-kernel.o
 .note.GNU-stack
                0x0000000000000000        0x0 build/fs.o
 .note.GNU-stack
                0x0000000000000000        0x0 build/inode.o
 .note.GNU-stack
                0x0000000000000000        0x0 build/file.o
 .note.GNU-stack
                0x0000000000000000        0x0 build/dir.o
 .note.GNU-stack
                0x0000000000000000        0x0 build/fork.o
 .note.GNU-stack
                0x0000000000000000        0x0 build/shell.o
 .note.GNU-stack
                0x0000000000000000        0x0 build/assert.o
 .note.GNU-stack
                0x0000000000000000        0x0 build/buildin_cmd.o
 .note.GNU-stack
                0x0000000000000000        0x0 build/exec.o
 .note.GNU-stack
                0x0000000000000000        0x0 build/wait_exit.o

Memory Configuration

Name             Origin             Length             Attributes
*default*        0x0000000000000000 0xffffffffffffffff

Linker script and memory map

Address of section .text set to 0xc0001500
LOAD build/main.o
LOAD build/init.o
LOAD build/interrupt.o
LOAD build/timer.o
LOAD build/kernel.o
LOAD build/print.o
LOAD build/debug.o
LOAD build/memory.o
LOAD build/bitmap.o
LOAD build/string.o
LOAD build/thread.o
LOAD build/list.o
LOAD build/switch.o
LOAD build/console.o
LOAD build/sync.o
LOAD build/keyboard.o
LOAD build/ioqueue.o
LOAD build/tss.o
LOAD build/process.o
LOAD build/syscall.o
LOAD build/syscall-init.o
LOAD build/stdio.o
LOAD build/ide.o
LOAD build/stdio-kernel.o
LOAD build/fs.o
LOAD build/inode.o
LOAD build/file.o
LOAD build/dir.o
LOAD build/fork.o
LOAD build/shell.o
LOAD build/assert.o
LOAD build/buildin_cmd.o
LOAD build/exec.o
LOAD build/wait_exit.o
                [!provide]                        PROVIDE (__executable_start = SEGMENT_START ("text-segment", 0x8048000))
                0x00000000080480d4                . = (SEGMENT_START ("text-segment", 0x8048000) + SIZEOF_HEADERS)

.interp
 *(.interp)

.note.gnu.build-id
 *(.note.gnu.build-id)

.hash
 *(.hash)

.gnu.hash
 *(.gnu.hash)

.dynsym
 *(.dynsym)

.dynstr
 *(.dynstr)

.gnu.version
 *(.gnu.version)

.gnu.version_d
 *(.gnu.version_d)

.gnu.version_r
 *(.gnu.version_r)

.rel.dyn        0x00000000080480d4        0x0
 *(.rel.init)
 *(.rel.text .rel.text.* .rel.gnu.linkonce.t.*)
 .rel.text      0x00000000080480d4        0x0 build/main.o
 *(.rel.fini)
 *(.rel.rodata .rel.rodata.* .rel.gnu.linkonce.r.*)
 *(.rel.data.rel.ro .rel.data.rel.ro.* .rel.gnu.linkonce.d.rel.ro.*)
 *(.rel.data .rel.data.* .rel.gnu.linkonce.d.*)
 *(.rel.tdata .rel.tdata.* .rel.gnu.linkonce.td.*)
 *(.rel.tbss .rel.tbss.* .rel.gnu.linkonce.tb.*)
 *(.rel.ctors)
 *(.rel.dtors)
 *(.rel.got)
 .rel.got       0x00000000080480d4        0x0 build/main.o
 *(.rel.bss .rel.bss.* .rel.gnu.linkonce.b.*)
 *(.rel.ifunc)

.rel.plt        0x00000000080480d4        0x0
 *(.rel.plt)
                [!provide]                        PROVIDE (__rel_iplt_start = .)
 *(.rel.iplt)
 .rel.iplt      0x00000000080480d4        0x0 build/main.o
                [!provide]                        PROVIDE (__rel_iplt_end = .)

.relr.dyn
 *(.relr.dyn)
                0x0000000008049000                . = ALIGN (CONSTANT (MAXPAGESIZE))

.init
 *(SORT_NONE(.init))

.plt            0x0000000008049000        0x0
 *(.plt)
 *(.iplt)
 .iplt          0x0000000008049000        0x0 build/main.o

.plt.got
 *(.plt.got)

.plt.sec
 *(.plt.sec)

.text           0x00000000c0001500     0xc04b
 *(.text.unlikely .text.*_unlikely .text.unlikely.*)
 *(.text.exit .text.exit.*)
 *(.text.startup .text.startup.*)
 *(.text.hot .text.hot.*)
 *(SORT_BY_NAME(.text.sorted.*))
 *(.text .stub .text.* .gnu.linkonce.t.*)
 .text          0x00000000c0001500      0x154 build/main.o
                0x00000000c0001500                main
                0x00000000c00015e9                init
 .text          0x00000000c0001654       0x4b build/init.o
                0x00000000c0001654                init_all
 .text          0x00000000c000169f      0x47e build/interrupt.o
                0x00000000c0001a10                intr_enable
                0x00000000c0001a39                intr_disable
                0x00000000c0001a62                intr_set_status
                0x00000000c0001a80                intr_get_status
                0x00000000c0001aa3                register_handler
                0x00000000c0001abf                idt_init
 .text          0x00000000c0001b1d      0x214 build/timer.o
                0x00000000c0001c79                mtime_sleep
                0x00000000c0001cd1                timer_init
 *fill*         0x00000000c0001d31        0xf 
 .text          0x00000000c0001d40      0x55b build/kernel.o
                0x00000000c0001d40                intr_exit
                0x00000000c0002277                syscall_handler
 *fill*         0x00000000c000229b        0x5 
 .text          0x00000000c00022a0      0x1b1 build/print.o
                0x00000000c00022a0                put_str
                0x00000000c00022be                put_char
                0x00000000c000238b                cls_screen
                0x00000000c00023ca                put_int
                0x00000000c000242d                set_cursor
 .text          0x00000000c0002451       0xa5 build/debug.o
                0x00000000c0002451                panic_spin
 .text          0x00000000c00024f6     0x11f0 build/memory.o
                0x00000000c000261c                pte_ptr
                0x00000000c000264d                pde_ptr
                0x00000000c00027ee                malloc_page
                0x00000000c00028b8                get_kernel_pages
                0x00000000c0002914                get_user_pages
                0x00000000c0002970                get_a_page
                0x00000000c0002afa                get_a_page_without_opvaddrbitmap
                0x00000000c0002b75                addr_v2p
                0x00000000c0002bcb                sys_malloc
                0x00000000c0002edb                pfree
                0x00000000c0003023                mfree_page
                0x00000000c00031f8                sys_free
                0x00000000c00035bd                block_desc_init
                0x00000000c000363a                free_a_phy_page
                0x00000000c00036a5                mem_init
 .text          0x00000000c00036e6      0x270 build/bitmap.o
                0x00000000c00036e6                bitmap_init
                0x00000000c000370d                bitmap_scan_test
                0x00000000c000374f                bitmap_scan
                0x00000000c000389d                bitmap_set
 .text          0x00000000c0003956      0x454 build/string.o
                0x00000000c0003956                memset
                0x00000000c00039b2                memcpy
                0x00000000c0003a1a                memcmp
                0x00000000c0003ab0                strcpy
                0x00000000c0003b13                strlen
                0x00000000c0003b6d                strcmp
                0x00000000c0003bf4                strchr
                0x00000000c0003c5a                strrchr
                0x00000000c0003cc3                strcat
                0x00000000c0003d3d                strchrs
 .text          0x00000000c0003daa      0xd09 build/thread.o
                0x00000000c0003dc0                running_thread
                0x00000000c0003e88                release_pid
                0x00000000c0003edc                fork_pid
                0x00000000c0003ee9                thread_create
                0x00000000c0003f5f                init_thread
                0x00000000c000406b                thread_start
                0x00000000c00041e6                schedule
                0x00000000c0004356                thread_block
                0x00000000c00043bd                thread_unblock
                0x00000000c00044c8                thread_yield
                0x00000000c00048a5                sys_ps
                0x00000000c00048f2                thread_exit
                0x00000000c00049f5                pid2thread
                0x00000000c0004a34                thread_init
 .text          0x00000000c0004ab3      0x1e4 build/list.o
                0x00000000c0004ab3                list_init
                0x00000000c0004ae0                list_insert_before
                0x00000000c0004b21                list_push
                0x00000000c0004b3e                list_append
                0x00000000c0004b5b                list_remove
                0x00000000c0004b91                list_pop
                0x00000000c0004bb0                elem_find
                0x00000000c0004beb                list_traversal
                0x00000000c0004c49                list_len
                0x00000000c0004c7e                list_empty
 *fill*         0x00000000c0004c97        0x9 
 .text          0x00000000c0004ca0       0x15 build/switch.o
                0x00000000c0004ca0                switch_to
 .text          0x00000000c0004cb5       0x9a build/console.o
                0x00000000c0004cb5                console_init
                0x00000000c0004cc9                console_acquire
                0x00000000c0004cdd                console_release
                0x00000000c0004cf1                console_put_str
                0x00000000c0004d0e                console_put_char
                0x00000000c0004d32                console_put_int
 .text          0x00000000c0004d4f      0x347 build/sync.o
                0x00000000c0004d4f                sema_init
                0x00000000c0004d74                lock_init
                0x00000000c0004da5                sema_down
                0x00000000c0004eb9                sema_up
                0x00000000c0004f6f                lock_acquire
                0x00000000c0004feb                lock_release
 .text          0x00000000c0005096      0x2ec build/keyboard.o
                0x00000000c0005342                keyboard_init
 .text          0x00000000c0005382      0x2f1 build/ioqueue.o
                0x00000000c0005382                ioqueue_init
                0x00000000c00053df                ioq_full
                0x00000000c0005515                ioq_getchar
                0x00000000c00055c3                ioq_putchar
 .text          0x00000000c0005673      0x1a9 build/tss.o
                0x00000000c0005673                update_tss_esp
                0x00000000c00056ee                tss_init
 .text          0x00000000c000581c      0x367 build/process.o
                0x00000000c000581c                start_process
                0x00000000c0005922                page_dir_activate
                0x00000000c0005952                process_activate
                0x00000000c00059a4                create_page_dir
                0x00000000c0005a15                create_user_vaddr_bitmap
                0x00000000c0005a59                process_execute
 .text          0x00000000c0005b83      0x2fa build/syscall.o
                0x00000000c0005b83                getpid
                0x00000000c0005b98                write
                0x00000000c0005bbb                malloc
                0x00000000c0005bda                free
                0x00000000c0005bf6                fork
                0x00000000c0005c0b                read
                0x00000000c0005c2e                putchar
                0x00000000c0005c51                clear
                0x00000000c0005c63                getcwd
                0x00000000c0005c85                open
                0x00000000c0005cae                close
                0x00000000c0005ccd                lseek
                0x00000000c0005cf7                unlink
                0x00000000c0005d16                mkdir
                0x00000000c0005d35                opendir
                0x00000000c0005d54                closedir
                0x00000000c0005d73                rmdir
                0x00000000c0005d92                readdir
                0x00000000c0005db1                rewinddir
                0x00000000c0005dcd                stat
                0x00000000c0005def                chdir
                0x00000000c0005e0e                ps
                0x00000000c0005e20                execv
                0x00000000c0005e42                exit
                0x00000000c0005e5e                wait
 .text          0x00000000c0005e7d      0x12c build/syscall-init.o
                0x00000000c0005e7d                sys_getpid
                0x00000000c0005e8f                syscall_init
 .text          0x00000000c0005fa9      0x2ba build/stdio.o
                0x00000000c000602f                vsprintf
                0x00000000c00061b3                sprintf
                0x00000000c00061e7                printf
 .text          0x00000000c0006263      0xe01 build/ide.o
                0x00000000c000657d                ide_read
                0x00000000c000670f                ide_write
                0x00000000c0006da5                intr_hd_handler
                0x00000000c0006e66                ide_init
 .text          0x00000000c0007064       0x62 build/stdio-kernel.o
                0x00000000c0007064                printk
 .text          0x00000000c00070c6     0x217b build/fs.o
                0x00000000c00077c9                path_parse
                0x00000000c0007826                path_depth_cnt
                0x00000000c0007b4e                sys_open
                0x00000000c0007df7                sys_close
                0x00000000c0007e4c                sys_write
                0x00000000c0007f36                sys_read
                0x00000000c0008019                sys_lseek
                0x00000000c0008101                sys_unlink
                0x00000000c0008322                sys_mkdir
                0x00000000c000874f                sys_opendir
                0x00000000c0008867                sys_closedir
                0x00000000c0008891                sys_readdir
                0x00000000c00088ce                sys_rewinddir
                0x00000000c00088dd                sys_rmdir
                0x00000000c0008c87                sys_getcwd
                0x00000000c0008e7f                sys_chdir
                0x00000000c0008f0d                sys_stat
                0x00000000c0009034                sys_putchar
                0x00000000c0009051                filesys_init
 .text          0x00000000c0009241      0x80f build/inode.o
                0x00000000c00092e5                inode_sync
                0x00000000c0009456                inode_open
                0x00000000c00095af                inode_close
                0x00000000c0009620                inode_delete
                0x00000000c0009782                inode_release
                0x00000000c0009a01                inode_init
 .text          0x00000000c0009a50     0x11a0 build/file.o
                0x00000000c0009a50                get_free_slot_in_global
                0x00000000c0009aa0                pcb_fd_install
                0x00000000c0009b03                inode_bitmap_alloc
                0x00000000c0009b51                block_bitmap_alloc
                0x00000000c0009bab                bitmap_sync
                0x00000000c0009c36                file_create
                0x00000000c0009f05                file_open
                0x00000000c000a004                file_close
                0x00000000c000a043                file_write
                0x00000000c000a817                file_read
 .text          0x00000000c000abf0      0xf13 build/dir.o
                0x00000000c000abf0                open_root_dir
                0x00000000c000ac1f                dir_open
                0x00000000c000ac5a                search_dir_entry
                0x00000000c000ae2a                dir_close
                0x00000000c000ae56                create_dir_entry
                0x00000000c000aecc                sync_dir_entry
                0x00000000c000b33c                delete_dir_entry
                0x00000000c000b803                dir_read
                0x00000000c000ba0f                dir_is_empty
                0x00000000c000ba3a                dir_remove
 .text          0x00000000c000bb03      0x4e6 build/fork.o
                0x00000000c000beb3                sys_fork
 .text          0x00000000c000bfe9      0x5db build/shell.o
                0x00000000c000bfe9                print_prompt
                0x00000000c000c21b                my_shell
 .text          0x00000000c000c5c4       0x30 build/assert.o
                0x00000000c000c5c4                user_spin
 .text          0x00000000c000c5f4      0x888 build/buildin_cmd.o
                0x00000000c000c778                make_clear_abs_path
                0x00000000c000c83b                buildin_pwd
                0x00000000c000c891                buildin_cd
                0x00000000c000c911                buildin_ls
                0x00000000c000cca5                buildin_ps
                0x00000000c000ccc6                buildin_clear
                0x00000000c000cce7                buildin_mkdir
                0x00000000c000cd6e                buildin_rmdir
                0x00000000c000cdf5                buildin_rm
 .text          0x00000000c000ce7c      0x36e build/exec.o
                0x00000000c000d142                sys_execv
 .text          0x00000000c000d1ea      0x361 build/wait_exit.o
                0x00000000c000d3dd                sys_wait
                0x00000000c000d496                sys_exit
 *(.gnu.warning)

.fini
 *(SORT_NONE(.fini))
                [!provide]                        PROVIDE (__etext = .)
                [!provide]                        PROVIDE (_etext = .)
                [!provide]                        PROVIDE (etext = .)
                0x00000000c000e000                . = ALIGN (CONSTANT (MAXPAGESIZE))
                0x00000000c000e000                . = SEGMENT_START ("rodata-segment", (ALIGN (CONSTANT (MAXPAGESIZE)) + (. & (CONSTANT (MAXPAGESIZE) - 0x1))))

.rodata         0x00000000c000e000     0x27d8
 *(.rodata .rodata.* .gnu.linkonce.r.*)
 .rodata        0x00000000c000e000       0xb4 build/main.o
 .rodata        0x00000000c000e0b4        0xa build/init.o
 *fill*         0x00000000c000e0be        0x2 
 .rodata        0x00000000c000e0c0      0x2d1 build/interrupt.o
 *fill*         0x00000000c000e391        0x3 
 .rodata        0x00000000c000e394       0x87 build/timer.o
 .rodata        0x00000000c000e41b       0x3f build/debug.o
 *fill*         0x00000000c000e45a        0x2 
 .rodata        0x00000000c000e45c      0x3c1 build/memory.o
 *fill*         0x00000000c000e81d        0x3 
 .rodata        0x00000000c000e820       0x68 build/bitmap.o
 .rodata        0x00000000c000e888       0xb9 build/string.o
 *fill*         0x00000000c000e941        0x3 
 .rodata        0x00000000c000e944      0x3dd build/thread.o
 *fill*         0x00000000c000ed21        0x3 
 .rodata        0x00000000c000ed24      0x12f build/sync.o
 .rodata        0x00000000c000ee53       0x36 build/keyboard.o
 *fill*         0x00000000c000ee89        0x3 
 .rodata        0x00000000c000ee8c       0x9d build/ioqueue.o
 .rodata        0x00000000c000ef29       0x27 build/tss.o
 .rodata        0x00000000c000ef50       0xdd build/process.o
 .rodata        0x00000000c000f02d       0x27 build/syscall-init.o
 .rodata        0x00000000c000f054      0x1ef build/ide.o
 *fill*         0x00000000c000f243        0x1 
 .rodata        0x00000000c000f244      0x89a build/fs.o
 *fill*         0x00000000c000fade        0x2 
 .rodata        0x00000000c000fae0       0xbb build/inode.o
 *fill*         0x00000000c000fb9b        0x1 
 .rodata        0x00000000c000fb9c      0x41c build/file.o
 .rodata        0x00000000c000ffb8      0x203 build/dir.o
 *fill*         0x00000000c00101bb        0x1 
 .rodata        0x00000000c00101bc       0xfe build/fork.o
 *fill*         0x00000000c00102ba        0x2 
 .rodata        0x00000000c00102bc      0x197 build/shell.o
 *fill*         0x00000000c0010453        0x1 
 .rodata        0x00000000c0010454       0x32 build/assert.o
 *fill*         0x00000000c0010486        0x2 
 .rodata        0x00000000c0010488      0x2fe build/buildin_cmd.o
 .rodata        0x00000000c0010786        0x8 build/exec.o
 *fill*         0x00000000c001078e        0x2 
 .rodata        0x00000000c0010790       0x48 build/wait_exit.o

.rodata1
 *(.rodata1)

.eh_frame_hdr
 *(.eh_frame_hdr)
 *(.eh_frame_entry .eh_frame_entry.*)

.eh_frame
 *(.eh_frame)
 *(.eh_frame.*)

.gcc_except_table
 *(.gcc_except_table .gcc_except_table.*)

.gnu_extab
 *(.gnu_extab*)

.exception_ranges
 *(.exception_ranges*)
                0x00000000c00117d8                . = DATA_SEGMENT_ALIGN (CONSTANT (MAXPAGESIZE), CONSTANT (COMMONPAGESIZE))

.eh_frame
 *(.eh_frame)
 *(.eh_frame.*)

.gnu_extab
 *(.gnu_extab)

.gcc_except_table
 *(.gcc_except_table .gcc_except_table.*)

.exception_ranges
 *(.exception_ranges*)

.tdata          0x00000000c00117d8        0x0
                [!provide]                        PROVIDE (__tdata_start = .)
 *(.tdata .tdata.* .gnu.linkonce.td.*)

.tbss
 *(.tbss .tbss.* .gnu.linkonce.tb.*)
 *(.tcommon)

.preinit_array  0x00000000c00117d8        0x0
                [!provide]                        PROVIDE (__preinit_array_start = .)
 *(.preinit_array)
                [!provide]                        PROVIDE (__preinit_array_end = .)

.init_array     0x00000000c00117d8        0x0
                [!provide]                        PROVIDE (__init_array_start = .)
 *(SORT_BY_INIT_PRIORITY(.init_array.*) SORT_BY_INIT_PRIORITY(.ctors.*))
 *(.init_array EXCLUDE_FILE(*crtend?.o *crtend.o *crtbegin?.o *crtbegin.o) .ctors)
                [!provide]                        PROVIDE (__init_array_end = .)

.fini_array     0x00000000c00117d8        0x0
                [!provide]                        PROVIDE (__fini_array_start = .)
 *(SORT_BY_INIT_PRIORITY(.fini_array.*) SORT_BY_INIT_PRIORITY(.dtors.*))
 *(.fini_array EXCLUDE_FILE(*crtend?.o *crtend.o *crtbegin?.o *crtbegin.o) .dtors)
                [!provide]                        PROVIDE (__fini_array_end = .)

.ctors
 *crtbegin.o(.ctors)
 *crtbegin?.o(.ctors)
 *(EXCLUDE_FILE(*crtend?.o *crtend.o) .ctors)
 *(SORT_BY_NAME(.ctors.*))
 *(.ctors)

.dtors
 *crtbegin.o(.dtors)
 *crtbegin?.o(.dtors)
 *(EXCLUDE_FILE(*crtend?.o *crtend.o) .dtors)
 *(SORT_BY_NAME(.dtors.*))
 *(.dtors)

.jcr
 *(.jcr)

.data.rel.ro
 *(.data.rel.ro.local* .gnu.linkonce.d.rel.ro.local.*)
 *(.data.rel.ro .data.rel.ro.* .gnu.linkonce.d.rel.ro.*)

.dynamic
 *(.dynamic)

.got            0x00000000c00117d8        0x0
 *(.got)
 .got           0x00000000c00117d8        0x0 build/main.o
 *(.igot)
                0x00000000c00117d8                . = DATA_SEGMENT_RELRO_END (., (SIZEOF (.got.plt) >= 0xc)?0xc:0x0)

.got.plt        0x00000000c00117d8        0x0
 *(.got.plt)
 .got.plt       0x00000000c00117d8        0x0 build/main.o
 *(.igot.plt)
 .igot.plt      0x00000000c00117d8        0x0 build/main.o

.data           0x00000000c00117e0      0x15c
 *(.data .data.* .gnu.linkonce.d.*)
 .data          0x00000000c00117e0        0x0 build/main.o
 .data          0x00000000c00117e0        0x0 build/init.o
 .data          0x00000000c00117e0        0x0 build/interrupt.o
 .data          0x00000000c00117e0        0x0 build/timer.o
 .data          0x00000000c00117e0       0xc0 build/kernel.o
                0x00000000c00117e0                intr_entry_table
 .data          0x00000000c00118a0        0x8 build/print.o
 .data          0x00000000c00118a8        0x0 build/debug.o
 .data          0x00000000c00118a8        0x0 build/memory.o
 .data          0x00000000c00118a8        0x0 build/bitmap.o
 .data          0x00000000c00118a8        0x0 build/string.o
 .data          0x00000000c00118a8        0x0 build/thread.o
 .data          0x00000000c00118a8        0x0 build/list.o
 .data          0x00000000c00118a8        0x0 build/console.o
 .data          0x00000000c00118a8        0x0 build/sync.o
 *fill*         0x00000000c00118a8       0x18 
 .data          0x00000000c00118c0       0x76 build/keyboard.o
 .data          0x00000000c0011936        0x0 build/ioqueue.o
 .data          0x00000000c0011936        0x0 build/tss.o
 .data          0x00000000c0011936        0x0 build/process.o
 .data          0x00000000c0011936        0x0 build/syscall.o
 .data          0x00000000c0011936        0x0 build/syscall-init.o
 .data          0x00000000c0011936        0x0 build/stdio.o
 .data          0x00000000c0011936        0x0 build/ide.o
 .data          0x00000000c0011936        0x0 build/stdio-kernel.o
 .data          0x00000000c0011936        0x0 build/fs.o
 .data          0x00000000c0011936        0x0 build/inode.o
 .data          0x00000000c0011936        0x0 build/file.o
 .data          0x00000000c0011936        0x0 build/dir.o
 .data          0x00000000c0011936        0x0 build/fork.o
 *fill*         0x00000000c0011936        0x2 
 .data          0x00000000c0011938        0x4 build/shell.o
                0x00000000c0011938                argc
 .data          0x00000000c001193c        0x0 build/assert.o
 .data          0x00000000c001193c        0x0 build/buildin_cmd.o
 .data          0x00000000c001193c        0x0 build/exec.o
 .data          0x00000000c001193c        0x0 build/wait_exit.o

.data1
 *(.data1)
                0x00000000c001193c                _edata = .
                [!provide]                        PROVIDE (edata = .)
                0x00000000c001193c                . = .
                0x00000000c001193c                __bss_start = .

.bss            0x00000000c0011940     0x2308
 *(.dynbss)
 *(.bss .bss.* .gnu.linkonce.b.*)
 .bss           0x00000000c0011940        0x0 build/main.o
 .bss           0x00000000c0011940        0x0 build/init.o
 .bss           0x00000000c0011940      0x408 build/interrupt.o
 .bss           0x00000000c0011d48        0x0 build/timer.o
 .bss           0x00000000c0011d48        0x0 build/debug.o
 .bss           0x00000000c0011d48        0x0 build/memory.o
 .bss           0x00000000c0011d48        0x0 build/bitmap.o
 .bss           0x00000000c0011d48        0x0 build/string.o
 *fill*         0x00000000c0011d48       0x18 
 .bss           0x00000000c0011d60       0x84 build/thread.o
                0x00000000c0011d60                pid_bitmap_bits
 .bss           0x00000000c0011de4        0x0 build/list.o
 .bss           0x00000000c0011de4       0x1c build/console.o
 .bss           0x00000000c0011e00        0x0 build/sync.o
 .bss           0x00000000c0011e00       0x14 build/keyboard.o
 .bss           0x00000000c0011e14        0x0 build/ioqueue.o
 *fill*         0x00000000c0011e14        0xc 
 .bss           0x00000000c0011e20       0x6c build/tss.o
 .bss           0x00000000c0011e8c        0x0 build/process.o
 .bss           0x00000000c0011e8c        0x0 build/syscall.o
 .bss           0x00000000c0011e8c        0x0 build/syscall-init.o
 .bss           0x00000000c0011e8c        0x0 build/stdio.o
 .bss           0x00000000c0011e8c        0x6 build/ide.o
                0x00000000c0011e8c                ext_lba_base
                0x00000000c0011e90                p_no
                0x00000000c0011e91                l_no
 .bss           0x00000000c0011e92        0x0 build/stdio-kernel.o
 .bss           0x00000000c0011e92        0x0 build/fs.o
 .bss           0x00000000c0011e92        0x0 build/inode.o
 .bss           0x00000000c0011e92        0x0 build/file.o
 .bss           0x00000000c0011e92        0x0 build/dir.o
 .bss           0x00000000c0011e92        0x0 build/fork.o
 *fill*         0x00000000c0011e92        0xe 
 .bss           0x00000000c0011ea0      0x640 build/shell.o
                0x00000000c0011ea0                final_path
                0x00000000c00120a0                cwd_cache
                0x00000000c00122a0                argv
 .bss           0x00000000c00124e0        0x0 build/assert.o
 .bss           0x00000000c00124e0        0x0 build/buildin_cmd.o
 .bss           0x00000000c00124e0        0x0 build/exec.o
 .bss           0x00000000c00124e0        0x0 build/wait_exit.o
 *(COMMON)
 COMMON         0x00000000c00124e0      0x424 build/interrupt.o
                0x00000000c00124e0                intr_name
                0x00000000c0012700                idt_table
 COMMON         0x00000000c0012904        0x4 build/timer.o
                0x00000000c0012904                ticks
 *fill*         0x00000000c0012908       0x18 
 COMMON         0x00000000c0012920      0x12c build/memory.o
                0x00000000c0012920                user_pool
                0x00000000c0012960                k_block_descs
                0x00000000c0012a08                kernel_vaddr
                0x00000000c0012a20                kernel_pool
 *fill*         0x00000000c0012a4c       0x14 
 COMMON         0x00000000c0012a60       0x50 build/thread.o
                0x00000000c0012a60                pid_pool
                0x00000000c0012a88                thread_ready_list
                0x00000000c0012a98                thread_all_list
                0x00000000c0012aa8                idle_thread
                0x00000000c0012aac                main_thread
 *fill*         0x00000000c0012ab0       0x10 
 COMMON         0x00000000c0012ac0       0x6c build/keyboard.o
                0x00000000c0012ac0                kbd_buf
 *fill*         0x00000000c0012b2c       0x14 
 COMMON         0x00000000c0012b40       0x80 build/syscall-init.o
                0x00000000c0012b40                syscall_table
 COMMON         0x00000000c0012bc0      0xcf0 build/ide.o
                0x00000000c0012bc0                channel_cnt
                0x00000000c0012be0                channels
                0x00000000c00138a0                partition_list
 COMMON         0x00000000c00138b0        0x4 build/fs.o
                0x00000000c00138b0                cur_part
 *fill*         0x00000000c00138b4        0xc 
 COMMON         0x00000000c00138c0      0x180 build/file.o
                0x00000000c00138c0                file_table
 COMMON         0x00000000c0013a40      0x208 build/dir.o
                0x00000000c0013a40                root_dir
                0x00000000c0013c48                . = ALIGN ((. != 0x0)?0x4:0x1)
                0x00000000c0013c48                . = ALIGN (0x4)
                0x00000000c0013c48                . = SEGMENT_START ("ldata-segment", .)
                0x00000000c0013c48                . = ALIGN (0x4)
                0x00000000c0013c48                _end = .
                [!provide]                        PROVIDE (end = .)
                0x00000000c0013c48                . = DATA_SEGMENT_END (.)

.stab
 *(.stab)

.stabstr
 *(.stabstr)

.stab.excl
 *(.stab.excl)

.stab.exclstr
 *(.stab.exclstr)

.stab.index
 *(.stab.index)

.stab.indexstr
 *(.stab.indexstr)

.comment        0x0000000000000000       0x2a
 *(.comment)
 .comment       0x0000000000000000       0x2a build/main.o
                                         0x2b (size before relaxing)
 .comment       0x000000000000002a       0x2b build/init.o
 .comment       0x000000000000002a       0x2b build/interrupt.o
 .comment       0x000000000000002a       0x2b build/timer.o
 .comment       0x000000000000002a       0x2b build/debug.o
 .comment       0x000000000000002a       0x2b build/memory.o
 .comment       0x000000000000002a       0x2b build/bitmap.o
 .comment       0x000000000000002a       0x2b build/string.o
 .comment       0x000000000000002a       0x2b build/thread.o
 .comment       0x000000000000002a       0x2b build/list.o
 .comment       0x000000000000002a       0x2b build/console.o
 .comment       0x000000000000002a       0x2b build/sync.o
 .comment       0x000000000000002a       0x2b build/keyboard.o
 .comment       0x000000000000002a       0x2b build/ioqueue.o
 .comment       0x000000000000002a       0x2b build/tss.o
 .comment       0x000000000000002a       0x2b build/process.o
 .comment       0x000000000000002a       0x2b build/syscall.o
 .comment       0x000000000000002a       0x2b build/syscall-init.o
 .comment       0x000000000000002a       0x2b build/stdio.o
 .comment       0x000000000000002a       0x2b build/ide.o
 .comment       0x000000000000002a       0x2b build/stdio-kernel.o
 .comment       0x000000000000002a       0x2b build/fs.o
 .comment       0x000000000000002a       0x2b build/inode.o
 .comment       0x000000000000002a       0x2b build/file.o
 .comment       0x000000000000002a       0x2b build/dir.o
 .comment       0x000000000000002a       0x2b build/fork.o
 .comment       0x000000000000002a       0x2b build/shell.o
 .comment       0x000000000000002a       0x2b build/assert.o
 .comment       0x000000000000002a       0x2b build/buildin_cmd.o
 .comment       0x000000000000002a       0x2b build/exec.o
 .comment       0x000000000000002a       0x2b build/wait_exit.o

.gnu.build.attributes
 *(.gnu.build.attributes .gnu.build.attributes.*)

.debug
 *(.debug)

.line
 *(.line)

.debug_srcinfo
 *(.debug_srcinfo)

.debug_sfnames
 *(.debug_sfnames)

.debug_aranges
 *(.debug_aranges)

.debug_pubnames
 *(.debug_pubnames)

.debug_info
 *(.debug_info .gnu.linkonce.wi.*)

.debug_abbrev
 *(.debug_abbrev)

.debug_line
 *(.debug_line .debug_line.* .debug_line_end)

.debug_frame
 *(.debug_frame)

.debug_str
 *(.debug_str)

.debug_loc
 *(.debug_loc)

.debug_macinfo
 *(.debug_macinfo)

.debug_weaknames
 *(.debug_weaknames)

.debug_funcnames
 *(.debug_funcnames)

.debug_typenames
 *(.debug_typenames)

.debug_varnames
 *(.debug_varnames)

.debug_pubtypes
 *(.debug_pubtypes)

.debug_ranges
 *(.debug_ranges)

.debug_addr
 *(.debug_addr)

.debug_line_str
 *(.debug_line_str)

.debug_loclists
 *(.debug_loclists)

.debug_macro
 *(.debug_macro)

.debug_names
 *(.debug_names)

.debug_rnglists
 *(.debug_rnglists)

.debug_str_offsets
 *(.debug_str_offsets)

.debug_sup
 *(.debug_sup)

.gnu.attributes
 *(.gnu.attributes)

/DISCARD/
 *(.note.GNU-stack)
 *(.gnu_debuglink)
 *(.gnu.lto_*)
OUTPUT(build/kernel.bin elf32-i386)
