
Allocating common symbols
Common symbol       size              file

kbd_buf             0x6c              build/keyboard.o
thread_ready_list   0x10              build/thread.o
thread_all_list     0x10              build/thread.o
user_pool           0x30              build/memory.o
k_block_descs       0xa8              build/memory.o
intr_name           0x204             build/interrupt.o
main_thread         0x4               build/thread.o
ticks               0x4               build/timer.o
kernel_vaddr        0x10              build/memory.o
syscall_table       0x80              build/syscall-init.o
idt_table           0x204             build/interrupt.o
kernel_pool         0x30              build/memory.o
pid_lock            0x1c              build/thread.o

Discarded input sections

 .note.GNU-stack
                0x0000000000000000        0x0 build/main.o
 .note.GNU-stack
                0x0000000000000000        0x0 build/init.o
 .note.GNU-stack
                0x0000000000000000        0x0 build/interrupt.o
 .note.GNU-stack
                0x0000000000000000        0x0 build/timer.o
 .note.GNU-stack
                0x0000000000000000        0x0 build/debug.o
 .note.GNU-stack
                0x0000000000000000        0x0 build/memory.o
 .note.GNU-stack
                0x0000000000000000        0x0 build/bitmap.o
 .note.GNU-stack
                0x0000000000000000        0x0 build/string.o
 .note.GNU-stack
                0x0000000000000000        0x0 build/thread.o
 .note.GNU-stack
                0x0000000000000000        0x0 build/list.o
 .note.GNU-stack
                0x0000000000000000        0x0 build/console.o
 .note.GNU-stack
                0x0000000000000000        0x0 build/sync.o
 .note.GNU-stack
                0x0000000000000000        0x0 build/keyboard.o
 .note.GNU-stack
                0x0000000000000000        0x0 build/ioqueue.o
 .note.GNU-stack
                0x0000000000000000        0x0 build/tss.o
 .note.GNU-stack
                0x0000000000000000        0x0 build/process.o
 .note.GNU-stack
                0x0000000000000000        0x0 build/syscall.o
 .note.GNU-stack
                0x0000000000000000        0x0 build/syscall-init.o
 .note.GNU-stack
                0x0000000000000000        0x0 build/stdio.o

Memory Configuration

Name             Origin             Length             Attributes
*default*        0x0000000000000000 0xffffffffffffffff

Linker script and memory map

Address of section .text set to 0xc0001500
LOAD build/main.o
LOAD build/init.o
LOAD build/interrupt.o
LOAD build/timer.o
LOAD build/kernel.o
LOAD build/print.o
LOAD build/debug.o
LOAD build/memory.o
LOAD build/bitmap.o
LOAD build/string.o
LOAD build/thread.o
LOAD build/list.o
LOAD build/switch.o
LOAD build/console.o
LOAD build/sync.o
LOAD build/keyboard.o
LOAD build/ioqueue.o
LOAD build/tss.o
LOAD build/process.o
LOAD build/syscall.o
LOAD build/syscall-init.o
LOAD build/stdio.o
                [!provide]                        PROVIDE (__executable_start = SEGMENT_START ("text-segment", 0x8048000))
                0x00000000080480d4                . = (SEGMENT_START ("text-segment", 0x8048000) + SIZEOF_HEADERS)

.interp
 *(.interp)

.note.gnu.build-id
 *(.note.gnu.build-id)

.hash
 *(.hash)

.gnu.hash
 *(.gnu.hash)

.dynsym
 *(.dynsym)

.dynstr
 *(.dynstr)

.gnu.version
 *(.gnu.version)

.gnu.version_d
 *(.gnu.version_d)

.gnu.version_r
 *(.gnu.version_r)

.rel.dyn        0x00000000080480d4        0x0
 *(.rel.init)
 *(.rel.text .rel.text.* .rel.gnu.linkonce.t.*)
 .rel.text      0x00000000080480d4        0x0 build/main.o
 *(.rel.fini)
 *(.rel.rodata .rel.rodata.* .rel.gnu.linkonce.r.*)
 *(.rel.data.rel.ro .rel.data.rel.ro.* .rel.gnu.linkonce.d.rel.ro.*)
 *(.rel.data .rel.data.* .rel.gnu.linkonce.d.*)
 *(.rel.tdata .rel.tdata.* .rel.gnu.linkonce.td.*)
 *(.rel.tbss .rel.tbss.* .rel.gnu.linkonce.tb.*)
 *(.rel.ctors)
 *(.rel.dtors)
 *(.rel.got)
 .rel.got       0x00000000080480d4        0x0 build/main.o
 *(.rel.bss .rel.bss.* .rel.gnu.linkonce.b.*)
 *(.rel.ifunc)

.rel.plt        0x00000000080480d4        0x0
 *(.rel.plt)
                [!provide]                        PROVIDE (__rel_iplt_start = .)
 *(.rel.iplt)
 .rel.iplt      0x00000000080480d4        0x0 build/main.o
                [!provide]                        PROVIDE (__rel_iplt_end = .)

.relr.dyn
 *(.relr.dyn)
                0x0000000008049000                . = ALIGN (CONSTANT (MAXPAGESIZE))

.init
 *(SORT_NONE(.init))

.plt            0x0000000008049000        0x0
 *(.plt)
 *(.iplt)
 .iplt          0x0000000008049000        0x0 build/main.o

.plt.got
 *(.plt.got)

.plt.sec
 *(.plt.sec)

.text           0x00000000c0001500     0x44e9
 *(.text.unlikely .text.*_unlikely .text.unlikely.*)
 *(.text.exit .text.exit.*)
 *(.text.startup .text.startup.*)
 *(.text.hot .text.hot.*)
 *(SORT_BY_NAME(.text.sorted.*))
 *(.text .stub .text.* .gnu.linkonce.t.*)
 .text          0x00000000c0001500      0x349 build/main.o
                0x00000000c0001500                main
                0x00000000c00015a9                k_thread_a
                0x00000000c0001666                k_thread_b
                0x00000000c0001723                u_prog_a
                0x00000000c00017b0                u_prog_b
 .text          0x00000000c0001849       0x3c build/init.o
                0x00000000c0001849                init_all
 .text          0x00000000c0001885      0x47e build/interrupt.o
                0x00000000c0001bf6                idt_init
                0x00000000c0001c54                intr_enable
                0x00000000c0001c7d                intr_disable
                0x00000000c0001ca6                intr_set_status
                0x00000000c0001cc4                intr_get_status
                0x00000000c0001ce7                register_handler
 .text          0x00000000c0001d03      0x198 build/timer.o
                0x00000000c0001e3b                timer_init
 *fill*         0x00000000c0001e9b        0x5 
 .text          0x00000000c0001ea0      0x55b build/kernel.o
                0x00000000c0001ea0                intr_exit
                0x00000000c00023d7                syscall_handler
 *fill*         0x00000000c00023fb        0x5 
 .text          0x00000000c0002400      0x170 build/print.o
                0x00000000c0002400                put_char
                0x00000000c00024cd                put_int
                0x00000000c000252e                put_str
                0x00000000c000254c                set_cursor
 .text          0x00000000c0002570       0xa5 build/debug.o
                0x00000000c0002570                panic_spin
 .text          0x00000000c0002615     0x129a build/memory.o
                0x00000000c00029a0                pte_ptr
                0x00000000c00029d1                pde_ptr
                0x00000000c0002b8f                malloc_page
                0x00000000c0002c65                kalloc
                0x00000000c0002cc1                get_user_pages
                0x00000000c0002d17                get_a_page
                0x00000000c0002e93                addr_v2p
                0x00000000c0002ec1                block_desc_init
                0x00000000c0002f66                sys_malloc
                0x00000000c00032a7                pfree
                0x00000000c00033ef                mfree_page
                0x00000000c00035c4                sys_free
                0x00000000c00037c5                mem_init
                0x00000000c0003806                print_pool_usage
 .text          0x00000000c00038af      0x298 build/bitmap.o
                0x00000000c00038af                bitmap_init
                0x00000000c00038e0                bitmap_scan_test
                0x00000000c0003922                bitmap_scan
                0x00000000c0003a70                bitmap_set
 .text          0x00000000c0003b47      0x454 build/string.o
                0x00000000c0003b47                memset
                0x00000000c0003ba3                memcpy
                0x00000000c0003c0b                memcmp
                0x00000000c0003ca1                strcpy
                0x00000000c0003d04                strlen
                0x00000000c0003d5e                strcmp
                0x00000000c0003de5                strchr
                0x00000000c0003e4b                strrchr
                0x00000000c0003eb4                strcat
                0x00000000c0003f2e                strchrs
 .text          0x00000000c0003f9b      0x5eb build/thread.o
                0x00000000c0003f9b                running_thread
                0x00000000c0003ffd                thread_create
                0x00000000c0004073                init_thread
                0x00000000c000411d                thread_start
                0x00000000c0004298                schedule
                0x00000000c00043cb                thread_block
                0x00000000c0004432                thread_unblock
                0x00000000c000453d                thread_init
 .text          0x00000000c0004586      0x1e4 build/list.o
                0x00000000c0004586                list_init
                0x00000000c00045b3                list_insert_before
                0x00000000c00045f4                list_push
                0x00000000c0004611                list_append
                0x00000000c000462e                list_remove
                0x00000000c0004664                list_pop
                0x00000000c0004683                elem_find
                0x00000000c00046be                list_traversal
                0x00000000c000471c                list_len
                0x00000000c0004751                list_empty
 *fill*         0x00000000c000476a        0x6 
 .text          0x00000000c0004770       0x15 build/switch.o
                0x00000000c0004770                switch_to
 .text          0x00000000c0004785       0x9a build/console.o
                0x00000000c0004785                console_init
                0x00000000c0004799                console_acquire
                0x00000000c00047ad                console_release
                0x00000000c00047c1                console_put_str
                0x00000000c00047de                console_put_char
                0x00000000c0004802                console_put_int
 .text          0x00000000c000481f      0x347 build/sync.o
                0x00000000c000481f                sema_init
                0x00000000c0004844                lock_init
                0x00000000c0004875                sema_down
                0x00000000c0004989                sema_up
                0x00000000c0004a3f                lock_acquire
                0x00000000c0004abb                lock_release
 .text          0x00000000c0004b66      0x2fb build/keyboard.o
                0x00000000c0004e21                keyboard_init
 .text          0x00000000c0004e61      0x2f1 build/ioqueue.o
                0x00000000c0004e61                ioqueue_init
                0x00000000c0004ebe                ioq_full
                0x00000000c0004f0f                ioq_empty
                0x00000000c0004ff4                ioq_getchar
                0x00000000c00050a2                ioq_putchar
 .text          0x00000000c0005152      0x1a9 build/tss.o
                0x00000000c0005152                update_tss_esp
                0x00000000c00051cd                tss_init
 .text          0x00000000c00052fb      0x367 build/process.o
                0x00000000c00052fb                start_process
                0x00000000c0005401                page_dir_activate
                0x00000000c0005431                process_activate
                0x00000000c0005483                create_page_dir
                0x00000000c00054f4                create_user_vaddr_bitmap
                0x00000000c0005538                process_execute
 .text          0x00000000c0005662       0x6f build/syscall.o
                0x00000000c0005662                getpid
                0x00000000c0005677                write
                0x00000000c0005696                malloc
                0x00000000c00056b5                free
 .text          0x00000000c00056d1       0x78 build/syscall-init.o
                0x00000000c00056d1                sys_getpid
                0x00000000c00056e3                sys_write
                0x00000000c0005701                syscall_init
 .text          0x00000000c0005749      0x2a0 build/stdio.o
                0x00000000c00057cf                vsprintf
                0x00000000c0005953                sprintf
                0x00000000c0005987                printf
 *(.gnu.warning)

.fini
 *(SORT_NONE(.fini))
                [!provide]                        PROVIDE (__etext = .)
                [!provide]                        PROVIDE (_etext = .)
                [!provide]                        PROVIDE (etext = .)
                0x00000000c0006000                . = ALIGN (CONSTANT (MAXPAGESIZE))
                0x00000000c0006000                . = SEGMENT_START ("rodata-segment", (ALIGN (CONSTANT (MAXPAGESIZE)) + (. & (CONSTANT (MAXPAGESIZE) - 0x1))))

.rodata         0x00000000c0006000     0x1090
 *(.rodata .rodata.* .gnu.linkonce.r.*)
 .rodata        0x00000000c0006000       0xe4 build/main.o
 .rodata        0x00000000c00060e4        0xa build/init.o
 *fill*         0x00000000c00060ee        0x2 
 .rodata        0x00000000c00060f0      0x2b9 build/interrupt.o
 *fill*         0x00000000c00063a9        0x3 
 .rodata        0x00000000c00063ac       0x6b build/timer.o
 .rodata        0x00000000c0006417       0x3f build/debug.o
 *fill*         0x00000000c0006456        0x2 
 .rodata        0x00000000c0006458      0x521 build/memory.o
 *fill*         0x00000000c0006979        0x3 
 .rodata        0x00000000c000697c       0x68 build/bitmap.o
 .rodata        0x00000000c00069e4       0xb9 build/string.o
 *fill*         0x00000000c0006a9d        0x3 
 .rodata        0x00000000c0006aa0      0x2be build/thread.o
 *fill*         0x00000000c0006d5e        0x2 
 .rodata        0x00000000c0006d60      0x12f build/sync.o
 .rodata        0x00000000c0006e8f       0x36 build/keyboard.o
 *fill*         0x00000000c0006ec5        0x3 
 .rodata        0x00000000c0006ec8       0x9d build/ioqueue.o
 .rodata        0x00000000c0006f65       0x27 build/tss.o
 .rodata        0x00000000c0006f8c       0xdd build/process.o
 .rodata        0x00000000c0007069       0x27 build/syscall-init.o

.rodata1
 *(.rodata1)

.eh_frame_hdr
 *(.eh_frame_hdr)
 *(.eh_frame_entry .eh_frame_entry.*)

.eh_frame
 *(.eh_frame)
 *(.eh_frame.*)

.gcc_except_table
 *(.gcc_except_table .gcc_except_table.*)

.gnu_extab
 *(.gnu_extab*)

.exception_ranges
 *(.exception_ranges*)
                0x00000000c0008090                . = DATA_SEGMENT_ALIGN (CONSTANT (MAXPAGESIZE), CONSTANT (COMMONPAGESIZE))

.eh_frame
 *(.eh_frame)
 *(.eh_frame.*)

.gnu_extab
 *(.gnu_extab)

.gcc_except_table
 *(.gcc_except_table .gcc_except_table.*)

.exception_ranges
 *(.exception_ranges*)

.tdata          0x00000000c0008090        0x0
                [!provide]                        PROVIDE (__tdata_start = .)
 *(.tdata .tdata.* .gnu.linkonce.td.*)

.tbss
 *(.tbss .tbss.* .gnu.linkonce.tb.*)
 *(.tcommon)

.preinit_array  0x00000000c0008090        0x0
                [!provide]                        PROVIDE (__preinit_array_start = .)
 *(.preinit_array)
                [!provide]                        PROVIDE (__preinit_array_end = .)

.init_array     0x00000000c0008090        0x0
                [!provide]                        PROVIDE (__init_array_start = .)
 *(SORT_BY_INIT_PRIORITY(.init_array.*) SORT_BY_INIT_PRIORITY(.ctors.*))
 *(.init_array EXCLUDE_FILE(*crtend?.o *crtend.o *crtbegin?.o *crtbegin.o) .ctors)
                [!provide]                        PROVIDE (__init_array_end = .)

.fini_array     0x00000000c0008090        0x0
                [!provide]                        PROVIDE (__fini_array_start = .)
 *(SORT_BY_INIT_PRIORITY(.fini_array.*) SORT_BY_INIT_PRIORITY(.dtors.*))
 *(.fini_array EXCLUDE_FILE(*crtend?.o *crtend.o *crtbegin?.o *crtbegin.o) .dtors)
                [!provide]                        PROVIDE (__fini_array_end = .)

.ctors
 *crtbegin.o(.ctors)
 *crtbegin?.o(.ctors)
 *(EXCLUDE_FILE(*crtend?.o *crtend.o) .ctors)
 *(SORT_BY_NAME(.ctors.*))
 *(.ctors)

.dtors
 *crtbegin.o(.dtors)
 *crtbegin?.o(.dtors)
 *(EXCLUDE_FILE(*crtend?.o *crtend.o) .dtors)
 *(SORT_BY_NAME(.dtors.*))
 *(.dtors)

.jcr
 *(.jcr)

.data.rel.ro
 *(.data.rel.ro.local* .gnu.linkonce.d.rel.ro.local.*)
 *(.data.rel.ro .data.rel.ro.* .gnu.linkonce.d.rel.ro.*)

.dynamic
 *(.dynamic)

.got            0x00000000c0008090        0x0
 *(.got)
 .got           0x00000000c0008090        0x0 build/main.o
 *(.igot)
                0x00000000c0008090                . = DATA_SEGMENT_RELRO_END (., (SIZEOF (.got.plt) >= 0xc)?0xc:0x0)

.got.plt        0x00000000c0008090        0x0
 *(.got.plt)
 .got.plt       0x00000000c0008090        0x0 build/main.o
 *(.igot.plt)
 .igot.plt      0x00000000c0008090        0x0 build/main.o

.data           0x00000000c00080a0      0x156
 *(.data .data.* .gnu.linkonce.d.*)
 .data          0x00000000c00080a0        0x0 build/main.o
 .data          0x00000000c00080a0        0x0 build/init.o
 .data          0x00000000c00080a0        0x0 build/interrupt.o
 .data          0x00000000c00080a0        0x0 build/timer.o
 .data          0x00000000c00080a0       0xd2 build/kernel.o
                0x00000000c00080b2                intr_entry_table
 *fill*         0x00000000c0008172        0x2 
 .data          0x00000000c0008174        0x8 build/print.o
 .data          0x00000000c000817c        0x0 build/debug.o
 .data          0x00000000c000817c        0x0 build/memory.o
 .data          0x00000000c000817c        0x0 build/bitmap.o
 .data          0x00000000c000817c        0x0 build/string.o
 .data          0x00000000c000817c        0x0 build/thread.o
 .data          0x00000000c000817c        0x0 build/list.o
 .data          0x00000000c000817c        0x0 build/console.o
 .data          0x00000000c000817c        0x0 build/sync.o
 *fill*         0x00000000c000817c        0x4 
 .data          0x00000000c0008180       0x76 build/keyboard.o
 .data          0x00000000c00081f6        0x0 build/ioqueue.o
 .data          0x00000000c00081f6        0x0 build/tss.o
 .data          0x00000000c00081f6        0x0 build/process.o
 .data          0x00000000c00081f6        0x0 build/syscall.o
 .data          0x00000000c00081f6        0x0 build/syscall-init.o
 .data          0x00000000c00081f6        0x0 build/stdio.o

.data1
 *(.data1)
                0x00000000c00081f6                _edata = .
                [!provide]                        PROVIDE (edata = .)
                0x00000000c00081f6                . = .
                0x00000000c00081f6                __bss_start = .

.bss            0x00000000c0008200      0xb80
 *(.dynbss)
 *(.bss .bss.* .gnu.linkonce.b.*)
 .bss           0x00000000c0008200        0x0 build/main.o
 .bss           0x00000000c0008200        0x0 build/init.o
 .bss           0x00000000c0008200      0x408 build/interrupt.o
 .bss           0x00000000c0008608        0x0 build/timer.o
 .bss           0x00000000c0008608        0x0 build/debug.o
 .bss           0x00000000c0008608        0x0 build/memory.o
 .bss           0x00000000c0008608        0x0 build/bitmap.o
 .bss           0x00000000c0008608        0x0 build/string.o
 .bss           0x00000000c0008608        0x6 build/thread.o
 .bss           0x00000000c000860e        0x0 build/list.o
 *fill*         0x00000000c000860e        0x2 
 .bss           0x00000000c0008610       0x1c build/console.o
 .bss           0x00000000c000862c        0x0 build/sync.o
 .bss           0x00000000c000862c       0x14 build/keyboard.o
 .bss           0x00000000c0008640        0x0 build/ioqueue.o
 .bss           0x00000000c0008640       0x6c build/tss.o
 .bss           0x00000000c00086ac        0x0 build/process.o
 .bss           0x00000000c00086ac        0x0 build/syscall.o
 .bss           0x00000000c00086ac        0x0 build/syscall-init.o
 .bss           0x00000000c00086ac        0x0 build/stdio.o
 *(COMMON)
 *fill*         0x00000000c00086ac       0x14 
 COMMON         0x00000000c00086c0      0x424 build/interrupt.o
                0x00000000c00086c0                intr_name
                0x00000000c00088e0                idt_table
 COMMON         0x00000000c0008ae4        0x4 build/timer.o
                0x00000000c0008ae4                ticks
 *fill*         0x00000000c0008ae8       0x18 
 COMMON         0x00000000c0008b00      0x130 build/memory.o
                0x00000000c0008b00                user_pool
                0x00000000c0008b40                k_block_descs
                0x00000000c0008be8                kernel_vaddr
                0x00000000c0008c00                kernel_pool
 COMMON         0x00000000c0008c30       0x40 build/thread.o
                0x00000000c0008c30                thread_ready_list
                0x00000000c0008c40                thread_all_list
                0x00000000c0008c50                main_thread
                0x00000000c0008c54                pid_lock
 *fill*         0x00000000c0008c70       0x10 
 COMMON         0x00000000c0008c80       0x6c build/keyboard.o
                0x00000000c0008c80                kbd_buf
 *fill*         0x00000000c0008cec       0x14 
 COMMON         0x00000000c0008d00       0x80 build/syscall-init.o
                0x00000000c0008d00                syscall_table
                0x00000000c0008d80                . = ALIGN ((. != 0x0)?0x4:0x1)
                0x00000000c0008d80                . = ALIGN (0x4)
                0x00000000c0008d80                . = SEGMENT_START ("ldata-segment", .)
                0x00000000c0008d80                . = ALIGN (0x4)
                0x00000000c0008d80                _end = .
                [!provide]                        PROVIDE (end = .)
                0x00000000c0008d80                . = DATA_SEGMENT_END (.)

.stab
 *(.stab)

.stabstr
 *(.stabstr)

.stab.excl
 *(.stab.excl)

.stab.exclstr
 *(.stab.exclstr)

.stab.index
 *(.stab.index)

.stab.indexstr
 *(.stab.indexstr)

.comment        0x0000000000000000       0x2a
 *(.comment)
 .comment       0x0000000000000000       0x2a build/main.o
                                         0x2b (size before relaxing)
 .comment       0x000000000000002a       0x2b build/init.o
 .comment       0x000000000000002a       0x2b build/interrupt.o
 .comment       0x000000000000002a       0x2b build/timer.o
 .comment       0x000000000000002a       0x2b build/debug.o
 .comment       0x000000000000002a       0x2b build/memory.o
 .comment       0x000000000000002a       0x2b build/bitmap.o
 .comment       0x000000000000002a       0x2b build/string.o
 .comment       0x000000000000002a       0x2b build/thread.o
 .comment       0x000000000000002a       0x2b build/list.o
 .comment       0x000000000000002a       0x2b build/console.o
 .comment       0x000000000000002a       0x2b build/sync.o
 .comment       0x000000000000002a       0x2b build/keyboard.o
 .comment       0x000000000000002a       0x2b build/ioqueue.o
 .comment       0x000000000000002a       0x2b build/tss.o
 .comment       0x000000000000002a       0x2b build/process.o
 .comment       0x000000000000002a       0x2b build/syscall.o
 .comment       0x000000000000002a       0x2b build/syscall-init.o
 .comment       0x000000000000002a       0x2b build/stdio.o

.gnu.build.attributes
 *(.gnu.build.attributes .gnu.build.attributes.*)

.debug
 *(.debug)

.line
 *(.line)

.debug_srcinfo
 *(.debug_srcinfo)

.debug_sfnames
 *(.debug_sfnames)

.debug_aranges
 *(.debug_aranges)

.debug_pubnames
 *(.debug_pubnames)

.debug_info
 *(.debug_info .gnu.linkonce.wi.*)

.debug_abbrev
 *(.debug_abbrev)

.debug_line
 *(.debug_line .debug_line.* .debug_line_end)

.debug_frame
 *(.debug_frame)

.debug_str
 *(.debug_str)

.debug_loc
 *(.debug_loc)

.debug_macinfo
 *(.debug_macinfo)

.debug_weaknames
 *(.debug_weaknames)

.debug_funcnames
 *(.debug_funcnames)

.debug_typenames
 *(.debug_typenames)

.debug_varnames
 *(.debug_varnames)

.debug_pubtypes
 *(.debug_pubtypes)

.debug_ranges
 *(.debug_ranges)

.debug_addr
 *(.debug_addr)

.debug_line_str
 *(.debug_line_str)

.debug_loclists
 *(.debug_loclists)

.debug_macro
 *(.debug_macro)

.debug_names
 *(.debug_names)

.debug_rnglists
 *(.debug_rnglists)

.debug_str_offsets
 *(.debug_str_offsets)

.debug_sup
 *(.debug_sup)

.gnu.attributes
 *(.gnu.attributes)

/DISCARD/
 *(.note.GNU-stack)
 *(.gnu_debuglink)
 *(.gnu.lto_*)
OUTPUT(build/kernel.bin elf32-i386)
