
Allocating common symbols
Common symbol       size              file

kbd_buf             0x6c              build/keyboard.o
thread_ready_list   0x10              build/thread.o
thread_all_list     0x10              build/thread.o
user_pool           0x2c              build/memory.o
intr_name           0xc4              build/interrupt.o
main_thread         0x4               build/thread.o
ticks               0x4               build/timer.o
kernel_vaddr        0xc               build/memory.o
idt_table           0xc4              build/interrupt.o
kernel_pool         0x2c              build/memory.o

Discarded input sections

 .note.GNU-stack
                0x0000000000000000        0x0 build/main.o
 .note.GNU-stack
                0x0000000000000000        0x0 build/init.o
 .note.GNU-stack
                0x0000000000000000        0x0 build/interrupt.o
 .note.GNU-stack
                0x0000000000000000        0x0 build/timer.o
 .note.GNU-stack
                0x0000000000000000        0x0 build/debug.o
 .note.GNU-stack
                0x0000000000000000        0x0 build/memory.o
 .note.GNU-stack
                0x0000000000000000        0x0 build/bitmap.o
 .note.GNU-stack
                0x0000000000000000        0x0 build/string.o
 .note.GNU-stack
                0x0000000000000000        0x0 build/thread.o
 .note.GNU-stack
                0x0000000000000000        0x0 build/list.o
 .note.GNU-stack
                0x0000000000000000        0x0 build/console.o
 .note.GNU-stack
                0x0000000000000000        0x0 build/sync.o
 .note.GNU-stack
                0x0000000000000000        0x0 build/keyboard.o
 .note.GNU-stack
                0x0000000000000000        0x0 build/ioqueue.o
 .note.GNU-stack
                0x0000000000000000        0x0 build/tss.o
 .note.GNU-stack
                0x0000000000000000        0x0 build/process.o

Memory Configuration

Name             Origin             Length             Attributes
*default*        0x0000000000000000 0xffffffffffffffff

Linker script and memory map

Address of section .text set to 0xc0001500
LOAD build/main.o
LOAD build/init.o
LOAD build/interrupt.o
LOAD build/timer.o
LOAD build/kernel.o
LOAD build/print.o
LOAD build/debug.o
LOAD build/memory.o
LOAD build/bitmap.o
LOAD build/string.o
LOAD build/thread.o
LOAD build/list.o
LOAD build/switch.o
LOAD build/console.o
LOAD build/sync.o
LOAD build/keyboard.o
LOAD build/ioqueue.o
LOAD build/tss.o
LOAD build/process.o
                [!provide]                        PROVIDE (__executable_start = SEGMENT_START ("text-segment", 0x8048000))
                0x00000000080480d4                . = (SEGMENT_START ("text-segment", 0x8048000) + SIZEOF_HEADERS)

.interp
 *(.interp)

.note.gnu.build-id
 *(.note.gnu.build-id)

.hash
 *(.hash)

.gnu.hash
 *(.gnu.hash)

.dynsym
 *(.dynsym)

.dynstr
 *(.dynstr)

.gnu.version
 *(.gnu.version)

.gnu.version_d
 *(.gnu.version_d)

.gnu.version_r
 *(.gnu.version_r)

.rel.dyn        0x00000000080480d4        0x0
 *(.rel.init)
 *(.rel.text .rel.text.* .rel.gnu.linkonce.t.*)
 .rel.text      0x00000000080480d4        0x0 build/main.o
 *(.rel.fini)
 *(.rel.rodata .rel.rodata.* .rel.gnu.linkonce.r.*)
 *(.rel.data.rel.ro .rel.data.rel.ro.* .rel.gnu.linkonce.d.rel.ro.*)
 *(.rel.data .rel.data.* .rel.gnu.linkonce.d.*)
 *(.rel.tdata .rel.tdata.* .rel.gnu.linkonce.td.*)
 *(.rel.tbss .rel.tbss.* .rel.gnu.linkonce.tb.*)
 *(.rel.ctors)
 *(.rel.dtors)
 *(.rel.got)
 .rel.got       0x00000000080480d4        0x0 build/main.o
 *(.rel.bss .rel.bss.* .rel.gnu.linkonce.b.*)
 *(.rel.ifunc)

.rel.plt        0x00000000080480d4        0x0
 *(.rel.plt)
                [!provide]                        PROVIDE (__rel_iplt_start = .)
 *(.rel.iplt)
 .rel.iplt      0x00000000080480d4        0x0 build/main.o
                [!provide]                        PROVIDE (__rel_iplt_end = .)

.relr.dyn
 *(.relr.dyn)
                0x0000000008049000                . = ALIGN (CONSTANT (MAXPAGESIZE))

.init
 *(SORT_NONE(.init))

.plt            0x0000000008049000        0x0
 *(.plt)
 *(.iplt)
 .iplt          0x0000000008049000        0x0 build/main.o

.plt.got
 *(.plt.got)

.plt.sec
 *(.plt.sec)

.text           0x00000000c0001500     0x3444
 *(.text.unlikely .text.*_unlikely .text.unlikely.*)
 *(.text.exit .text.exit.*)
 *(.text.startup .text.startup.*)
 *(.text.hot .text.hot.*)
 *(SORT_BY_NAME(.text.sorted.*))
 *(.text .stub .text.* .gnu.linkonce.t.*)
 .text          0x00000000c0001500       0xe3 build/main.o
                0x00000000c0001500                main
                0x00000000c0001559                k_thread_a
                0x00000000c000158c                k_thread_b
                0x00000000c00015bf                u_prog_a
                0x00000000c00015d1                u_prog_b
 .text          0x00000000c00015e3       0x37 build/init.o
                0x00000000c00015e3                init_all
 .text          0x00000000c000161a      0x43b build/interrupt.o
                0x00000000c000195b                idt_init
                0x00000000c00019a6                intr_enable
                0x00000000c00019cf                intr_disable
                0x00000000c00019f8                intr_set_status
                0x00000000c0001a16                intr_get_status
                0x00000000c0001a39                register_handler
 .text          0x00000000c0001a55      0x195 build/timer.o
                0x00000000c0001b8a                timer_init
 *fill*         0x00000000c0001bea        0x6 
 .text          0x00000000c0001bf0      0x540 build/kernel.o
                0x00000000c0001bf0                intr_exit
 .text          0x00000000c0002130      0x170 build/print.o
                0x00000000c0002130                put_char
                0x00000000c00021fd                put_int
                0x00000000c000225e                put_str
                0x00000000c000227c                set_cursor
 .text          0x00000000c00022a0       0xa5 build/debug.o
                0x00000000c00022a0                panic_spin
 .text          0x00000000c0002345      0x8e1 build/memory.o
                0x00000000c00026d0                pte_ptr
                0x00000000c0002701                pde_ptr
                0x00000000c00028bf                malloc_page
                0x00000000c0002995                kalloc
                0x00000000c00029f1                get_user_pages
                0x00000000c0002a47                get_a_page
                0x00000000c0002bc3                addr_v2p
                0x00000000c0002bf1                mem_init
 .text          0x00000000c0002c26      0x270 build/bitmap.o
                0x00000000c0002c26                bitmap_init
                0x00000000c0002c4d                bitmap_scan_test
                0x00000000c0002c8f                bitmap_scan
                0x00000000c0002ddd                bitmap_set
 .text          0x00000000c0002e96      0x454 build/string.o
                0x00000000c0002e96                memset
                0x00000000c0002ef2                memcpy
                0x00000000c0002f5a                memcmp
                0x00000000c0002ff0                strcpy
                0x00000000c0003053                strlen
                0x00000000c00030ad                strcmp
                0x00000000c0003134                strchr
                0x00000000c000319a                strrchr
                0x00000000c0003203                strcat
                0x00000000c000327d                strchrs
 .text          0x00000000c00032ea      0x58e build/thread.o
                0x00000000c00032ea                running_thread
                0x00000000c0003315                thread_create
                0x00000000c000338b                init_thread
                0x00000000c0003426                thread_start
                0x00000000c00035a1                schedule
                0x00000000c00036c9                thread_block
                0x00000000c0003730                thread_unblock
                0x00000000c000383b                thread_init
 .text          0x00000000c0003878      0x1e4 build/list.o
                0x00000000c0003878                list_init
                0x00000000c00038a5                list_insert_before
                0x00000000c00038e6                list_push
                0x00000000c0003903                list_append
                0x00000000c0003920                list_remove
                0x00000000c0003956                list_pop
                0x00000000c0003975                elem_find
                0x00000000c00039b0                list_traversal
                0x00000000c0003a0e                list_len
                0x00000000c0003a43                list_empty
 *fill*         0x00000000c0003a5c        0x4 
 .text          0x00000000c0003a60       0x15 build/switch.o
                0x00000000c0003a60                switch_to
 .text          0x00000000c0003a75       0x9a build/console.o
                0x00000000c0003a75                console_init
                0x00000000c0003a89                console_acquire
                0x00000000c0003a9d                console_release
                0x00000000c0003ab1                console_put_str
                0x00000000c0003ace                console_put_char
                0x00000000c0003af2                console_put_int
 .text          0x00000000c0003b0f      0x347 build/sync.o
                0x00000000c0003b0f                sema_init
                0x00000000c0003b34                lock_init
                0x00000000c0003b65                sema_down
                0x00000000c0003c79                sema_up
                0x00000000c0003d2f                lock_acquire
                0x00000000c0003dab                lock_release
 .text          0x00000000c0003e56      0x2fb build/keyboard.o
                0x00000000c0004111                keyboard_init
 .text          0x00000000c0004151      0x2f1 build/ioqueue.o
                0x00000000c0004151                ioqueue_init
                0x00000000c00041ae                ioq_full
                0x00000000c00041ff                ioq_empty
                0x00000000c00042e4                ioq_getchar
                0x00000000c0004392                ioq_putchar
 .text          0x00000000c0004442      0x1a9 build/tss.o
                0x00000000c0004442                update_tss_esp
                0x00000000c00044bd                tss_init
 .text          0x00000000c00045eb      0x359 build/process.o
                0x00000000c00045eb                start_process
                0x00000000c00046f1                page_dir_activate
                0x00000000c0004721                process_activate
                0x00000000c0004773                create_page_dir
                0x00000000c00047e4                create_user_vaddr_bitmap
                0x00000000c0004828                process_execute
 *(.gnu.warning)

.fini
 *(SORT_NONE(.fini))
                [!provide]                        PROVIDE (__etext = .)
                [!provide]                        PROVIDE (_etext = .)
                [!provide]                        PROVIDE (etext = .)
                0x00000000c0005000                . = ALIGN (CONSTANT (MAXPAGESIZE))
                0x00000000c0005000                . = SEGMENT_START ("rodata-segment", (ALIGN (CONSTANT (MAXPAGESIZE)) + (. & (CONSTANT (MAXPAGESIZE) - 0x1))))

.rodata         0x00000000c0005000      0xd81
 *(.rodata .rodata.* .gnu.linkonce.r.*)
 .rodata        0x00000000c0005000       0x3c build/main.o
 .rodata        0x00000000c000503c        0xa build/init.o
 *fill*         0x00000000c0005046        0x2 
 .rodata        0x00000000c0005048      0x2bd build/interrupt.o
 *fill*         0x00000000c0005305        0x3 
 .rodata        0x00000000c0005308       0x6b build/timer.o
 .rodata        0x00000000c0005373       0x3f build/debug.o
 *fill*         0x00000000c00053b2        0x2 
 .rodata        0x00000000c00053b4      0x2df build/memory.o
 *fill*         0x00000000c0005693        0x1 
 .rodata        0x00000000c0005694       0x68 build/bitmap.o
 .rodata        0x00000000c00056fc       0xb9 build/string.o
 *fill*         0x00000000c00057b5        0x3 
 .rodata        0x00000000c00057b8      0x2be build/thread.o
 *fill*         0x00000000c0005a76        0x2 
 .rodata        0x00000000c0005a78      0x12f build/sync.o
 .rodata        0x00000000c0005ba7       0x36 build/keyboard.o
 *fill*         0x00000000c0005bdd        0x3 
 .rodata        0x00000000c0005be0       0x9d build/ioqueue.o
 .rodata        0x00000000c0005c7d       0x27 build/tss.o
 .rodata        0x00000000c0005ca4       0xdd build/process.o

.rodata1
 *(.rodata1)

.eh_frame_hdr
 *(.eh_frame_hdr)
 *(.eh_frame_entry .eh_frame_entry.*)

.eh_frame
 *(.eh_frame)
 *(.eh_frame.*)

.gcc_except_table
 *(.gcc_except_table .gcc_except_table.*)

.gnu_extab
 *(.gnu_extab*)

.exception_ranges
 *(.exception_ranges*)
                0x00000000c0006000                . = DATA_SEGMENT_ALIGN (CONSTANT (MAXPAGESIZE), CONSTANT (COMMONPAGESIZE))

.eh_frame
 *(.eh_frame)
 *(.eh_frame.*)

.gnu_extab
 *(.gnu_extab)

.gcc_except_table
 *(.gcc_except_table .gcc_except_table.*)

.exception_ranges
 *(.exception_ranges*)

.tdata          0x00000000c0006000        0x0
                [!provide]                        PROVIDE (__tdata_start = .)
 *(.tdata .tdata.* .gnu.linkonce.td.*)

.tbss
 *(.tbss .tbss.* .gnu.linkonce.tb.*)
 *(.tcommon)

.preinit_array  0x00000000c0006000        0x0
                [!provide]                        PROVIDE (__preinit_array_start = .)
 *(.preinit_array)
                [!provide]                        PROVIDE (__preinit_array_end = .)

.init_array     0x00000000c0006000        0x0
                [!provide]                        PROVIDE (__init_array_start = .)
 *(SORT_BY_INIT_PRIORITY(.init_array.*) SORT_BY_INIT_PRIORITY(.ctors.*))
 *(.init_array EXCLUDE_FILE(*crtend?.o *crtend.o *crtbegin?.o *crtbegin.o) .ctors)
                [!provide]                        PROVIDE (__init_array_end = .)

.fini_array     0x00000000c0006000        0x0
                [!provide]                        PROVIDE (__fini_array_start = .)
 *(SORT_BY_INIT_PRIORITY(.fini_array.*) SORT_BY_INIT_PRIORITY(.dtors.*))
 *(.fini_array EXCLUDE_FILE(*crtend?.o *crtend.o *crtbegin?.o *crtbegin.o) .dtors)
                [!provide]                        PROVIDE (__fini_array_end = .)

.ctors
 *crtbegin.o(.ctors)
 *crtbegin?.o(.ctors)
 *(EXCLUDE_FILE(*crtend?.o *crtend.o) .ctors)
 *(SORT_BY_NAME(.ctors.*))
 *(.ctors)

.dtors
 *crtbegin.o(.dtors)
 *crtbegin?.o(.dtors)
 *(EXCLUDE_FILE(*crtend?.o *crtend.o) .dtors)
 *(SORT_BY_NAME(.dtors.*))
 *(.dtors)

.jcr
 *(.jcr)

.data.rel.ro
 *(.data.rel.ro.local* .gnu.linkonce.d.rel.ro.local.*)
 *(.data.rel.ro .data.rel.ro.* .gnu.linkonce.d.rel.ro.*)

.dynamic
 *(.dynamic)

.got            0x00000000c0006000        0x0
 *(.got)
 .got           0x00000000c0006000        0x0 build/main.o
 *(.igot)
                0x00000000c0006000                . = DATA_SEGMENT_RELRO_END (., (SIZEOF (.got.plt) >= 0xc)?0xc:0x0)

.got.plt        0x00000000c0006000        0x0
 *(.got.plt)
 .got.plt       0x00000000c0006000        0x0 build/main.o
 *(.igot.plt)
 .igot.plt      0x00000000c0006000        0x0 build/main.o

.data           0x00000000c0006000      0x156
 *(.data .data.* .gnu.linkonce.d.*)
 .data          0x00000000c0006000        0x0 build/main.o
 .data          0x00000000c0006000        0x0 build/init.o
 .data          0x00000000c0006000        0x0 build/interrupt.o
 .data          0x00000000c0006000        0x0 build/timer.o
 .data          0x00000000c0006000       0xd2 build/kernel.o
                0x00000000c0006012                intr_entry_table
 *fill*         0x00000000c00060d2        0x2 
 .data          0x00000000c00060d4        0x8 build/print.o
 .data          0x00000000c00060dc        0x0 build/debug.o
 .data          0x00000000c00060dc        0x0 build/memory.o
 .data          0x00000000c00060dc        0x0 build/bitmap.o
 .data          0x00000000c00060dc        0x0 build/string.o
 .data          0x00000000c00060dc        0x0 build/thread.o
 .data          0x00000000c00060dc        0x0 build/list.o
 .data          0x00000000c00060dc        0x0 build/console.o
 .data          0x00000000c00060dc        0x0 build/sync.o
 *fill*         0x00000000c00060dc        0x4 
 .data          0x00000000c00060e0       0x76 build/keyboard.o
 .data          0x00000000c0006156        0x0 build/ioqueue.o
 .data          0x00000000c0006156        0x0 build/tss.o
 .data          0x00000000c0006156        0x0 build/process.o

.data1
 *(.data1)
                0x00000000c0006156                _edata = .
                [!provide]                        PROVIDE (edata = .)
                0x00000000c0006156                . = .
                0x00000000c0006156                __bss_start = .

.bss            0x00000000c0006160      0x52c
 *(.dynbss)
 *(.bss .bss.* .gnu.linkonce.b.*)
 .bss           0x00000000c0006160        0x8 build/main.o
                0x00000000c0006160                test_var_a
                0x00000000c0006164                test_var_b
 .bss           0x00000000c0006168        0x0 build/init.o
 *fill*         0x00000000c0006168       0x18 
 .bss           0x00000000c0006180      0x188 build/interrupt.o
 .bss           0x00000000c0006308        0x0 build/timer.o
 .bss           0x00000000c0006308        0x0 build/debug.o
 .bss           0x00000000c0006308        0x0 build/memory.o
 .bss           0x00000000c0006308        0x0 build/bitmap.o
 .bss           0x00000000c0006308        0x0 build/string.o
 .bss           0x00000000c0006308        0x4 build/thread.o
 .bss           0x00000000c000630c        0x0 build/list.o
 .bss           0x00000000c000630c       0x1c build/console.o
 .bss           0x00000000c0006328        0x0 build/sync.o
 .bss           0x00000000c0006328       0x14 build/keyboard.o
 .bss           0x00000000c000633c        0x0 build/ioqueue.o
 *fill*         0x00000000c000633c        0x4 
 .bss           0x00000000c0006340       0x6c build/tss.o
 .bss           0x00000000c00063ac        0x0 build/process.o
 *(COMMON)
 *fill*         0x00000000c00063ac       0x14 
 COMMON         0x00000000c00063c0      0x1a4 build/interrupt.o
                0x00000000c00063c0                intr_name
                0x00000000c00064a0                idt_table
 COMMON         0x00000000c0006564        0x4 build/timer.o
                0x00000000c0006564                ticks
 *fill*         0x00000000c0006568       0x18 
 COMMON         0x00000000c0006580       0x6c build/memory.o
                0x00000000c0006580                user_pool
                0x00000000c00065ac                kernel_vaddr
                0x00000000c00065c0                kernel_pool
 COMMON         0x00000000c00065ec       0x24 build/thread.o
                0x00000000c00065ec                thread_ready_list
                0x00000000c00065fc                thread_all_list
                0x00000000c000660c                main_thread
 *fill*         0x00000000c0006610       0x10 
 COMMON         0x00000000c0006620       0x6c build/keyboard.o
                0x00000000c0006620                kbd_buf
                0x00000000c000668c                . = ALIGN ((. != 0x0)?0x4:0x1)
                0x00000000c000668c                . = ALIGN (0x4)
                0x00000000c000668c                . = SEGMENT_START ("ldata-segment", .)
                0x00000000c000668c                . = ALIGN (0x4)
                0x00000000c000668c                _end = .
                [!provide]                        PROVIDE (end = .)
                0x00000000c000668c                . = DATA_SEGMENT_END (.)

.stab
 *(.stab)

.stabstr
 *(.stabstr)

.stab.excl
 *(.stab.excl)

.stab.exclstr
 *(.stab.exclstr)

.stab.index
 *(.stab.index)

.stab.indexstr
 *(.stab.indexstr)

.comment        0x0000000000000000       0x2a
 *(.comment)
 .comment       0x0000000000000000       0x2a build/main.o
                                         0x2b (size before relaxing)
 .comment       0x000000000000002a       0x2b build/init.o
 .comment       0x000000000000002a       0x2b build/interrupt.o
 .comment       0x000000000000002a       0x2b build/timer.o
 .comment       0x000000000000002a       0x2b build/debug.o
 .comment       0x000000000000002a       0x2b build/memory.o
 .comment       0x000000000000002a       0x2b build/bitmap.o
 .comment       0x000000000000002a       0x2b build/string.o
 .comment       0x000000000000002a       0x2b build/thread.o
 .comment       0x000000000000002a       0x2b build/list.o
 .comment       0x000000000000002a       0x2b build/console.o
 .comment       0x000000000000002a       0x2b build/sync.o
 .comment       0x000000000000002a       0x2b build/keyboard.o
 .comment       0x000000000000002a       0x2b build/ioqueue.o
 .comment       0x000000000000002a       0x2b build/tss.o
 .comment       0x000000000000002a       0x2b build/process.o

.gnu.build.attributes
 *(.gnu.build.attributes .gnu.build.attributes.*)

.debug
 *(.debug)

.line
 *(.line)

.debug_srcinfo
 *(.debug_srcinfo)

.debug_sfnames
 *(.debug_sfnames)

.debug_aranges
 *(.debug_aranges)

.debug_pubnames
 *(.debug_pubnames)

.debug_info
 *(.debug_info .gnu.linkonce.wi.*)

.debug_abbrev
 *(.debug_abbrev)

.debug_line
 *(.debug_line .debug_line.* .debug_line_end)

.debug_frame
 *(.debug_frame)

.debug_str
 *(.debug_str)

.debug_loc
 *(.debug_loc)

.debug_macinfo
 *(.debug_macinfo)

.debug_weaknames
 *(.debug_weaknames)

.debug_funcnames
 *(.debug_funcnames)

.debug_typenames
 *(.debug_typenames)

.debug_varnames
 *(.debug_varnames)

.debug_pubtypes
 *(.debug_pubtypes)

.debug_ranges
 *(.debug_ranges)

.debug_addr
 *(.debug_addr)

.debug_line_str
 *(.debug_line_str)

.debug_loclists
 *(.debug_loclists)

.debug_macro
 *(.debug_macro)

.debug_names
 *(.debug_names)

.debug_rnglists
 *(.debug_rnglists)

.debug_str_offsets
 *(.debug_str_offsets)

.debug_sup
 *(.debug_sup)

.gnu.attributes
 *(.gnu.attributes)

/DISCARD/
 *(.note.GNU-stack)
 *(.gnu_debuglink)
 *(.gnu.lto_*)
OUTPUT(build/kernel.bin elf32-i386)
