
Allocating common symbols
Common symbol       size              file

kbd_buf             0x6c              build/keyboard.o
thread_ready_list   0x10              build/thread.o
thread_all_list     0x10              build/thread.o
user_pool           0x2c              build/memory.o
intr_name           0xc0              build/interrupt.o
main_thread         0x4               build/thread.o
ticks               0x4               build/timer.o
kernel_vaddr        0xc               build/memory.o
idt_table           0xc0              build/interrupt.o
kernel_pool         0x2c              build/memory.o

Discarded input sections

 .note.GNU-stack
                0x0000000000000000        0x0 build/main.o
 .note.GNU-stack
                0x0000000000000000        0x0 build/init.o
 .note.GNU-stack
                0x0000000000000000        0x0 build/interrupt.o
 .note.GNU-stack
                0x0000000000000000        0x0 build/timer.o
 .note.GNU-stack
                0x0000000000000000        0x0 build/debug.o
 .note.GNU-stack
                0x0000000000000000        0x0 build/memory.o
 .note.GNU-stack
                0x0000000000000000        0x0 build/bitmap.o
 .note.GNU-stack
                0x0000000000000000        0x0 build/string.o
 .note.GNU-stack
                0x0000000000000000        0x0 build/thread.o
 .note.GNU-stack
                0x0000000000000000        0x0 build/list.o
 .note.GNU-stack
                0x0000000000000000        0x0 build/console.o
 .note.GNU-stack
                0x0000000000000000        0x0 build/sync.o
 .note.GNU-stack
                0x0000000000000000        0x0 build/keyboard.o
 .note.GNU-stack
                0x0000000000000000        0x0 build/ioqueue.o
 .note.GNU-stack
                0x0000000000000000        0x0 build/tss.o
 .note.GNU-stack
                0x0000000000000000        0x0 build/process.o

Memory Configuration

Name             Origin             Length             Attributes
*default*        0x0000000000000000 0xffffffffffffffff

Linker script and memory map

Address of section .text set to 0xc0001500
LOAD build/main.o
LOAD build/init.o
LOAD build/interrupt.o
LOAD build/timer.o
LOAD build/kernel.o
LOAD build/print.o
LOAD build/debug.o
LOAD build/memory.o
LOAD build/bitmap.o
LOAD build/string.o
LOAD build/thread.o
LOAD build/list.o
LOAD build/switch.o
LOAD build/console.o
LOAD build/sync.o
LOAD build/keyboard.o
LOAD build/ioqueue.o
LOAD build/tss.o
LOAD build/process.o
                [!provide]                        PROVIDE (__executable_start = SEGMENT_START ("text-segment", 0x8048000))
                0x00000000080480d4                . = (SEGMENT_START ("text-segment", 0x8048000) + SIZEOF_HEADERS)

.interp
 *(.interp)

.note.gnu.build-id
 *(.note.gnu.build-id)

.hash
 *(.hash)

.gnu.hash
 *(.gnu.hash)

.dynsym
 *(.dynsym)

.dynstr
 *(.dynstr)

.gnu.version
 *(.gnu.version)

.gnu.version_d
 *(.gnu.version_d)

.gnu.version_r
 *(.gnu.version_r)

.rel.dyn        0x00000000080480d4        0x0
 *(.rel.init)
 *(.rel.text .rel.text.* .rel.gnu.linkonce.t.*)
 .rel.text      0x00000000080480d4        0x0 build/main.o
 *(.rel.fini)
 *(.rel.rodata .rel.rodata.* .rel.gnu.linkonce.r.*)
 *(.rel.data.rel.ro .rel.data.rel.ro.* .rel.gnu.linkonce.d.rel.ro.*)
 *(.rel.data .rel.data.* .rel.gnu.linkonce.d.*)
 *(.rel.tdata .rel.tdata.* .rel.gnu.linkonce.td.*)
 *(.rel.tbss .rel.tbss.* .rel.gnu.linkonce.tb.*)
 *(.rel.ctors)
 *(.rel.dtors)
 *(.rel.got)
 .rel.got       0x00000000080480d4        0x0 build/main.o
 *(.rel.bss .rel.bss.* .rel.gnu.linkonce.b.*)
 *(.rel.ifunc)

.rel.plt        0x00000000080480d4        0x0
 *(.rel.plt)
                [!provide]                        PROVIDE (__rel_iplt_start = .)
 *(.rel.iplt)
 .rel.iplt      0x00000000080480d4        0x0 build/main.o
                [!provide]                        PROVIDE (__rel_iplt_end = .)

.relr.dyn
 *(.relr.dyn)
                0x0000000008049000                . = ALIGN (CONSTANT (MAXPAGESIZE))

.init
 *(SORT_NONE(.init))

.plt            0x0000000008049000        0x0
 *(.plt)
 *(.iplt)
 .iplt          0x0000000008049000        0x0 build/main.o

.plt.got
 *(.plt.got)

.plt.sec
 *(.plt.sec)

.text           0x00000000c0001500     0x3484
 *(.text.unlikely .text.*_unlikely .text.unlikely.*)
 *(.text.exit .text.exit.*)
 *(.text.startup .text.startup.*)
 *(.text.hot .text.hot.*)
 *(SORT_BY_NAME(.text.sorted.*))
 *(.text .stub .text.* .gnu.linkonce.t.*)
 .text          0x00000000c0001500       0xff build/main.o
                0x00000000c0001500                main
                0x00000000c000158d                k_thread_a
                0x00000000c00015a7                k_thread_b
                0x00000000c00015c1                k_thread_c
                0x00000000c00015db                u_prog_a
                0x00000000c00015ed                u_prog_b
 .text          0x00000000c00015ff       0x37 build/init.o
                0x00000000c00015ff                init_all
 .text          0x00000000c0001636      0x44e build/interrupt.o
                0x00000000c0001977                idt_init
                0x00000000c00019d5                intr_enable
                0x00000000c00019fe                intr_disable
                0x00000000c0001a27                intr_set_status
                0x00000000c0001a45                intr_get_status
                0x00000000c0001a68                register_handler
 .text          0x00000000c0001a84      0x195 build/timer.o
                0x00000000c0001bb9                timer_init
 *fill*         0x00000000c0001c19        0x7 
 .text          0x00000000c0001c20      0x537 build/kernel.o
                0x00000000c0001c20                intr_exit
 *fill*         0x00000000c0002157        0x9 
 .text          0x00000000c0002160      0x170 build/print.o
                0x00000000c0002160                put_char
                0x00000000c000222d                put_int
                0x00000000c000228e                put_str
                0x00000000c00022ac                set_cursor
 .text          0x00000000c00022d0       0xa5 build/debug.o
                0x00000000c00022d0                panic_spin
 .text          0x00000000c0002375      0x8e1 build/memory.o
                0x00000000c0002700                pte_ptr
                0x00000000c0002731                pde_ptr
                0x00000000c00028ef                malloc_page
                0x00000000c00029c5                kalloc
                0x00000000c0002a21                get_user_pages
                0x00000000c0002a77                get_a_page
                0x00000000c0002bf3                addr_v2p
                0x00000000c0002c21                mem_init
 .text          0x00000000c0002c56      0x270 build/bitmap.o
                0x00000000c0002c56                bitmap_init
                0x00000000c0002c7d                bitmap_scan_test
                0x00000000c0002cbf                bitmap_scan
                0x00000000c0002e0d                bitmap_set
 .text          0x00000000c0002ec6      0x454 build/string.o
                0x00000000c0002ec6                memset
                0x00000000c0002f22                memcpy
                0x00000000c0002f8a                memcmp
                0x00000000c0003020                strcpy
                0x00000000c0003083                strlen
                0x00000000c00030dd                strcmp
                0x00000000c0003164                strchr
                0x00000000c00031ca                strrchr
                0x00000000c0003233                strcat
                0x00000000c00032ad                strchrs
 .text          0x00000000c000331a      0x599 build/thread.o
                0x00000000c000331a                running_thread
                0x00000000c0003345                thread_create
                0x00000000c00033bb                init_thread
                0x00000000c0003456                thread_start
                0x00000000c00035d1                schedule
                0x00000000c0003704                thread_block
                0x00000000c000376b                thread_unblock
                0x00000000c0003876                thread_init
 .text          0x00000000c00038b3      0x1e4 build/list.o
                0x00000000c00038b3                list_init
                0x00000000c00038e0                list_insert_before
                0x00000000c0003921                list_push
                0x00000000c000393e                list_append
                0x00000000c000395b                list_remove
                0x00000000c0003991                list_pop
                0x00000000c00039b0                elem_find
                0x00000000c00039eb                list_traversal
                0x00000000c0003a49                list_len
                0x00000000c0003a7e                list_empty
 *fill*         0x00000000c0003a97        0x9 
 .text          0x00000000c0003aa0       0x15 build/switch.o
                0x00000000c0003aa0                switch_to
 .text          0x00000000c0003ab5       0x9a build/console.o
                0x00000000c0003ab5                console_init
                0x00000000c0003ac9                console_acquire
                0x00000000c0003add                console_release
                0x00000000c0003af1                console_put_str
                0x00000000c0003b0e                console_put_char
                0x00000000c0003b32                console_put_int
 .text          0x00000000c0003b4f      0x347 build/sync.o
                0x00000000c0003b4f                sema_init
                0x00000000c0003b74                lock_init
                0x00000000c0003ba5                sema_down
                0x00000000c0003cb9                sema_up
                0x00000000c0003d6f                lock_acquire
                0x00000000c0003deb                lock_release
 .text          0x00000000c0003e96      0x2fb build/keyboard.o
                0x00000000c0004151                keyboard_init
 .text          0x00000000c0004191      0x2f1 build/ioqueue.o
                0x00000000c0004191                ioqueue_init
                0x00000000c00041ee                ioq_full
                0x00000000c000423f                ioq_empty
                0x00000000c0004324                ioq_getchar
                0x00000000c00043d2                ioq_putchar
 .text          0x00000000c0004482      0x1a9 build/tss.o
                0x00000000c0004482                update_tss_esp
                0x00000000c00044fd                tss_init
 .text          0x00000000c000462b      0x359 build/process.o
                0x00000000c000462b                start_process
                0x00000000c0004731                page_dir_activate
                0x00000000c0004761                process_activate
                0x00000000c00047b3                create_page_dir
                0x00000000c0004824                create_user_vaddr_bitmap
                0x00000000c0004868                process_execute
 *(.gnu.warning)

.fini
 *(SORT_NONE(.fini))
                [!provide]                        PROVIDE (__etext = .)
                [!provide]                        PROVIDE (_etext = .)
                [!provide]                        PROVIDE (etext = .)
                0x00000000c0005000                . = ALIGN (CONSTANT (MAXPAGESIZE))
                0x00000000c0005000                . = SEGMENT_START ("rodata-segment", (ALIGN (CONSTANT (MAXPAGESIZE)) + (. & (CONSTANT (MAXPAGESIZE) - 0x1))))

.rodata         0x00000000c0005000      0xd95
 *(.rodata .rodata.* .gnu.linkonce.r.*)
 .rodata        0x00000000c0005000       0x4f build/main.o
 .rodata        0x00000000c000504f        0xa build/init.o
 *fill*         0x00000000c0005059        0x3 
 .rodata        0x00000000c000505c      0x2bd build/interrupt.o
 *fill*         0x00000000c0005319        0x3 
 .rodata        0x00000000c000531c       0x6b build/timer.o
 .rodata        0x00000000c0005387       0x3f build/debug.o
 *fill*         0x00000000c00053c6        0x2 
 .rodata        0x00000000c00053c8      0x2df build/memory.o
 *fill*         0x00000000c00056a7        0x1 
 .rodata        0x00000000c00056a8       0x68 build/bitmap.o
 .rodata        0x00000000c0005710       0xb9 build/string.o
 *fill*         0x00000000c00057c9        0x3 
 .rodata        0x00000000c00057cc      0x2be build/thread.o
 *fill*         0x00000000c0005a8a        0x2 
 .rodata        0x00000000c0005a8c      0x12f build/sync.o
 .rodata        0x00000000c0005bbb       0x36 build/keyboard.o
 *fill*         0x00000000c0005bf1        0x3 
 .rodata        0x00000000c0005bf4       0x9d build/ioqueue.o
 .rodata        0x00000000c0005c91       0x27 build/tss.o
 .rodata        0x00000000c0005cb8       0xdd build/process.o

.rodata1
 *(.rodata1)

.eh_frame_hdr
 *(.eh_frame_hdr)
 *(.eh_frame_entry .eh_frame_entry.*)

.eh_frame
 *(.eh_frame)
 *(.eh_frame.*)

.gcc_except_table
 *(.gcc_except_table .gcc_except_table.*)

.gnu_extab
 *(.gnu_extab*)

.exception_ranges
 *(.exception_ranges*)
                0x00000000c0006000                . = DATA_SEGMENT_ALIGN (CONSTANT (MAXPAGESIZE), CONSTANT (COMMONPAGESIZE))

.eh_frame
 *(.eh_frame)
 *(.eh_frame.*)

.gnu_extab
 *(.gnu_extab)

.gcc_except_table
 *(.gcc_except_table .gcc_except_table.*)

.exception_ranges
 *(.exception_ranges*)

.tdata          0x00000000c0006000        0x0
                [!provide]                        PROVIDE (__tdata_start = .)
 *(.tdata .tdata.* .gnu.linkonce.td.*)

.tbss
 *(.tbss .tbss.* .gnu.linkonce.tb.*)
 *(.tcommon)

.preinit_array  0x00000000c0006000        0x0
                [!provide]                        PROVIDE (__preinit_array_start = .)
 *(.preinit_array)
                [!provide]                        PROVIDE (__preinit_array_end = .)

.init_array     0x00000000c0006000        0x0
                [!provide]                        PROVIDE (__init_array_start = .)
 *(SORT_BY_INIT_PRIORITY(.init_array.*) SORT_BY_INIT_PRIORITY(.ctors.*))
 *(.init_array EXCLUDE_FILE(*crtend?.o *crtend.o *crtbegin?.o *crtbegin.o) .ctors)
                [!provide]                        PROVIDE (__init_array_end = .)

.fini_array     0x00000000c0006000        0x0
                [!provide]                        PROVIDE (__fini_array_start = .)
 *(SORT_BY_INIT_PRIORITY(.fini_array.*) SORT_BY_INIT_PRIORITY(.dtors.*))
 *(.fini_array EXCLUDE_FILE(*crtend?.o *crtend.o *crtbegin?.o *crtbegin.o) .dtors)
                [!provide]                        PROVIDE (__fini_array_end = .)

.ctors
 *crtbegin.o(.ctors)
 *crtbegin?.o(.ctors)
 *(EXCLUDE_FILE(*crtend?.o *crtend.o) .ctors)
 *(SORT_BY_NAME(.ctors.*))
 *(.ctors)

.dtors
 *crtbegin.o(.dtors)
 *crtbegin?.o(.dtors)
 *(EXCLUDE_FILE(*crtend?.o *crtend.o) .dtors)
 *(SORT_BY_NAME(.dtors.*))
 *(.dtors)

.jcr
 *(.jcr)

.data.rel.ro
 *(.data.rel.ro.local* .gnu.linkonce.d.rel.ro.local.*)
 *(.data.rel.ro .data.rel.ro.* .gnu.linkonce.d.rel.ro.*)

.dynamic
 *(.dynamic)

.got            0x00000000c0006000        0x0
 *(.got)
 .got           0x00000000c0006000        0x0 build/main.o
 *(.igot)
                0x00000000c0006000                . = DATA_SEGMENT_RELRO_END (., (SIZEOF (.got.plt) >= 0xc)?0xc:0x0)

.got.plt        0x00000000c0006000        0x0
 *(.got.plt)
 .got.plt       0x00000000c0006000        0x0 build/main.o
 *(.igot.plt)
 .igot.plt      0x00000000c0006000        0x0 build/main.o

.data           0x00000000c0006000      0x156
 *(.data .data.* .gnu.linkonce.d.*)
 .data          0x00000000c0006000        0x0 build/main.o
 .data          0x00000000c0006000        0x0 build/init.o
 .data          0x00000000c0006000        0x0 build/interrupt.o
 .data          0x00000000c0006000        0x0 build/timer.o
 .data          0x00000000c0006000       0xd2 build/kernel.o
                0x00000000c0006012                intr_entry_table
 *fill*         0x00000000c00060d2        0x2 
 .data          0x00000000c00060d4        0x8 build/print.o
 .data          0x00000000c00060dc        0x0 build/debug.o
 .data          0x00000000c00060dc        0x0 build/memory.o
 .data          0x00000000c00060dc        0x0 build/bitmap.o
 .data          0x00000000c00060dc        0x0 build/string.o
 .data          0x00000000c00060dc        0x0 build/thread.o
 .data          0x00000000c00060dc        0x0 build/list.o
 .data          0x00000000c00060dc        0x0 build/console.o
 .data          0x00000000c00060dc        0x0 build/sync.o
 *fill*         0x00000000c00060dc        0x4 
 .data          0x00000000c00060e0       0x76 build/keyboard.o
 .data          0x00000000c0006156        0x0 build/ioqueue.o
 .data          0x00000000c0006156        0x0 build/tss.o
 .data          0x00000000c0006156        0x0 build/process.o

.data1
 *(.data1)
                0x00000000c0006156                _edata = .
                [!provide]                        PROVIDE (edata = .)
                0x00000000c0006156                . = .
                0x00000000c0006156                __bss_start = .

.bss            0x00000000c0006160      0x50c
 *(.dynbss)
 *(.bss .bss.* .gnu.linkonce.b.*)
 .bss           0x00000000c0006160        0x8 build/main.o
                0x00000000c0006160                test_var_a
                0x00000000c0006164                test_var_b
 .bss           0x00000000c0006168        0x0 build/init.o
 *fill*         0x00000000c0006168       0x18 
 .bss           0x00000000c0006180      0x180 build/interrupt.o
 .bss           0x00000000c0006300        0x0 build/timer.o
 .bss           0x00000000c0006300        0x0 build/debug.o
 .bss           0x00000000c0006300        0x0 build/memory.o
 .bss           0x00000000c0006300        0x0 build/bitmap.o
 .bss           0x00000000c0006300        0x0 build/string.o
 .bss           0x00000000c0006300        0x4 build/thread.o
 .bss           0x00000000c0006304        0x0 build/list.o
 .bss           0x00000000c0006304       0x1c build/console.o
 .bss           0x00000000c0006320        0x0 build/sync.o
 .bss           0x00000000c0006320       0x14 build/keyboard.o
 .bss           0x00000000c0006334        0x0 build/ioqueue.o
 *fill*         0x00000000c0006334        0xc 
 .bss           0x00000000c0006340       0x6c build/tss.o
 .bss           0x00000000c00063ac        0x0 build/process.o
 *(COMMON)
 *fill*         0x00000000c00063ac       0x14 
 COMMON         0x00000000c00063c0      0x180 build/interrupt.o
                0x00000000c00063c0                intr_name
                0x00000000c0006480                idt_table
 COMMON         0x00000000c0006540        0x4 build/timer.o
                0x00000000c0006540                ticks
 *fill*         0x00000000c0006544       0x1c 
 COMMON         0x00000000c0006560       0x6c build/memory.o
                0x00000000c0006560                user_pool
                0x00000000c000658c                kernel_vaddr
                0x00000000c00065a0                kernel_pool
 COMMON         0x00000000c00065cc       0x24 build/thread.o
                0x00000000c00065cc                thread_ready_list
                0x00000000c00065dc                thread_all_list
                0x00000000c00065ec                main_thread
 *fill*         0x00000000c00065f0       0x10 
 COMMON         0x00000000c0006600       0x6c build/keyboard.o
                0x00000000c0006600                kbd_buf
                0x00000000c000666c                . = ALIGN ((. != 0x0)?0x4:0x1)
                0x00000000c000666c                . = ALIGN (0x4)
                0x00000000c000666c                . = SEGMENT_START ("ldata-segment", .)
                0x00000000c000666c                . = ALIGN (0x4)
                0x00000000c000666c                _end = .
                [!provide]                        PROVIDE (end = .)
                0x00000000c000666c                . = DATA_SEGMENT_END (.)

.stab
 *(.stab)

.stabstr
 *(.stabstr)

.stab.excl
 *(.stab.excl)

.stab.exclstr
 *(.stab.exclstr)

.stab.index
 *(.stab.index)

.stab.indexstr
 *(.stab.indexstr)

.comment        0x0000000000000000       0x2a
 *(.comment)
 .comment       0x0000000000000000       0x2a build/main.o
                                         0x2b (size before relaxing)
 .comment       0x000000000000002a       0x2b build/init.o
 .comment       0x000000000000002a       0x2b build/interrupt.o
 .comment       0x000000000000002a       0x2b build/timer.o
 .comment       0x000000000000002a       0x2b build/debug.o
 .comment       0x000000000000002a       0x2b build/memory.o
 .comment       0x000000000000002a       0x2b build/bitmap.o
 .comment       0x000000000000002a       0x2b build/string.o
 .comment       0x000000000000002a       0x2b build/thread.o
 .comment       0x000000000000002a       0x2b build/list.o
 .comment       0x000000000000002a       0x2b build/console.o
 .comment       0x000000000000002a       0x2b build/sync.o
 .comment       0x000000000000002a       0x2b build/keyboard.o
 .comment       0x000000000000002a       0x2b build/ioqueue.o
 .comment       0x000000000000002a       0x2b build/tss.o
 .comment       0x000000000000002a       0x2b build/process.o

.gnu.build.attributes
 *(.gnu.build.attributes .gnu.build.attributes.*)

.debug
 *(.debug)

.line
 *(.line)

.debug_srcinfo
 *(.debug_srcinfo)

.debug_sfnames
 *(.debug_sfnames)

.debug_aranges
 *(.debug_aranges)

.debug_pubnames
 *(.debug_pubnames)

.debug_info
 *(.debug_info .gnu.linkonce.wi.*)

.debug_abbrev
 *(.debug_abbrev)

.debug_line
 *(.debug_line .debug_line.* .debug_line_end)

.debug_frame
 *(.debug_frame)

.debug_str
 *(.debug_str)

.debug_loc
 *(.debug_loc)

.debug_macinfo
 *(.debug_macinfo)

.debug_weaknames
 *(.debug_weaknames)

.debug_funcnames
 *(.debug_funcnames)

.debug_typenames
 *(.debug_typenames)

.debug_varnames
 *(.debug_varnames)

.debug_pubtypes
 *(.debug_pubtypes)

.debug_ranges
 *(.debug_ranges)

.debug_addr
 *(.debug_addr)

.debug_line_str
 *(.debug_line_str)

.debug_loclists
 *(.debug_loclists)

.debug_macro
 *(.debug_macro)

.debug_names
 *(.debug_names)

.debug_rnglists
 *(.debug_rnglists)

.debug_str_offsets
 *(.debug_str_offsets)

.debug_sup
 *(.debug_sup)

.gnu.attributes
 *(.gnu.attributes)

/DISCARD/
 *(.note.GNU-stack)
 *(.gnu_debuglink)
 *(.gnu.lto_*)
OUTPUT(build/kernel.bin elf32-i386)
